../Core/Src/Bootloader.c:101:11:BL_Fetch_Commend	16	static
../Core/Src/Bootloader.c:204:6:Write_Program_Flag	24	static
../Core/Src/Bootloader.c:211:10:Get_Program_Flag_Status	24	static
../Core/Src/Bootloader.c:268:13:Bootloader_Send_Data_To_Host	16	static
../Core/Src/Bootloader.c:278:13:Bootloader_Get_Version	80	static
../Core/Src/Bootloader.c:415:13:Bootloader_Get_Help	16	static
../Core/Src/Bootloader.c:478:13:Bootloader_Get_chip_Identification_Number	24	static
../Core/Src/Bootloader.c:526:16:CBL_STM32F103_GET_RDP_Level	40	static
../Core/Src/Bootloader.c:537:16:CBL_STM32F103_GET_WDP_Level	40	static
../Core/Src/Bootloader.c:553:13:Bootloader_Read_Protection_Level	136	static
../Core/Src/Bootloader.c:681:16:Host_Jump_Address_Verfication	24	static
../Core/Src/Bootloader.c:706:13:Bootloader_Jump_To_Address	32	static
../Core/Src/Bootloader.c:798:13:Bootloader_Jump_To_User_App1	24	static,ignoring_inline_asm
../Core/Src/Bootloader.c:828:13:Bootloader_Jump_To_User_App2	24	static,ignoring_inline_asm
../Core/Src/Bootloader.c:853:16:Perform_Flash_Erase	40	static
../Core/Src/Bootloader.c:932:13:Bootloader_Erase_Flash	80	static
../Core/Src/Bootloader.c:1077:16:Flash_Memory_Write_Payload	48	static
../Core/Src/Bootloader.c:1155:13:Bootloader_Memory_Write	88	static
../Core/Src/Bootloader.c:1348:13:Bootloader_Enable_R_Protection	24	static
../Core/Src/Bootloader.c:1406:13:Bootloader_Enable_W_Protection	24	static
../Core/Src/Bootloader.c:1474:13:Bootloader_SetApplication_Flag	56	static
../Core/Src/Bootloader.c:1587:13:BL_Manager	8	static
../Core/Src/Bootloader.c:1610:6:BL_PrintMassage	112	static
../Core/Src/Bootloader.c:1634:6:MemCopy	32	static
../Core/Src/Bootloader.c:1650:6:CAN_TransmitData	32	static
../Core/Src/Bootloader.c:1684:6:CAN_ReceiveData	40	static
../Core/Src/Bootloader.c:1727:6:CAN_Read_RP_Level	40	static
../Core/Src/Bootloader.c:1748:6:CAN_Read_WP_Level	40	static
../Core/Src/Bootloader.c:1769:6:CAN_Receive_AllPendingMessages_FIFO0	32	static
../Core/Src/Bootloader.c:1797:6:CAN_Receive_AllPendingMessages_FIFO1	32	static
../Core/Src/Bootloader.c:1828:6:CAN_Select_Func	8	static
