../Core/Src/Bootloader.c:60:11:BL_UART_Fetch_Host_Commend	16	static
../Core/Src/Bootloader.c:120:19:Bootloader_CRC_Verify	40	static
../Core/Src/Bootloader.c:151:13:Bootloader_Send_ACK	24	static
../Core/Src/Bootloader.c:159:13:Bootloader_Send_NACK	16	static
../Core/Src/Bootloader.c:165:13:Bootloader_Send_Data_To_Host	16	static
../Core/Src/Bootloader.c:178:13:Bootloader_Get_Version	32	static
../Core/Src/Bootloader.c:227:13:Bootloader_Get_Help	24	static
../Core/Src/Bootloader.c:287:13:Bootloader_Get_chip_Identification_Number	32	static
../Core/Src/Bootloader.c:327:16:CBL_STM32F103_GET_RDP_Level	40	static
../Core/Src/Bootloader.c:345:13:Bootloader_Read_Protection_Level	32	static
../Core/Src/Bootloader.c:385:16:Host_Jump_Address_Verfication	24	static
../Core/Src/Bootloader.c:413:13:Bootloader_Jump_To_Address	40	static
../Core/Src/Bootloader.c:498:13:Bootloader_Jump_To_User_App	32	static,ignoring_inline_asm
../Core/Src/Bootloader.c:523:16:Perform_Flash_Erase	40	static
../Core/Src/Bootloader.c:608:13:Bootloader_Erase_Flash	32	static
../Core/Src/Bootloader.c:654:16:Flash_Memory_Write_Payload	48	static
../Core/Src/Bootloader.c:737:13:Bootloader_Memory_Write	32	static
../Core/Src/Bootloader.c:810:16:Change_ROP_Level	48	static
../Core/Src/Bootloader.c:866:13:Bootloader_Change_Read_Protection_Level	32	static
../Core/Src/Bootloader.c:942:6:BL_PrintMassage	112	static
