../Core/Src/Bootloader.c:69:11:BL_Fetch_Commend	16	static
../Core/Src/Bootloader.c:193:13:Bootloader_Send_Data_To_Host	16	static
../Core/Src/Bootloader.c:203:13:Bootloader_Get_Version	24	static
../Core/Src/Bootloader.c:256:13:Bootloader_Get_Help	16	static
../Core/Src/Bootloader.c:319:13:Bootloader_Get_chip_Identification_Number	24	static
../Core/Src/Bootloader.c:367:16:CBL_STM32F103_GET_RDP_Level	40	static
../Core/Src/Bootloader.c:382:13:Bootloader_Read_Protection_Level	24	static
../Core/Src/Bootloader.c:429:16:Host_Jump_Address_Verfication	24	static
../Core/Src/Bootloader.c:454:13:Bootloader_Jump_To_Address	32	static
../Core/Src/Bootloader.c:546:13:Bootloader_Jump_To_User_App1	24	static,ignoring_inline_asm
../Core/Src/Bootloader.c:576:13:Bootloader_Jump_To_User_App2	24	static,ignoring_inline_asm
../Core/Src/Bootloader.c:601:16:Perform_Flash_Erase	40	static
../Core/Src/Bootloader.c:680:13:Bootloader_Erase_Flash	24	static
../Core/Src/Bootloader.c:741:16:Flash_Memory_Write_Payload	48	static
../Core/Src/Bootloader.c:819:13:Bootloader_Memory_Write	24	static
../Core/Src/Bootloader.c:903:13:Bootloader_Enable_R_Protection	24	static
../Core/Src/Bootloader.c:955:13:Bootloader_Enable_W_Protection	24	static
../Core/Src/Bootloader.c:1027:16:Bootloader_SetApplication_Flag	24	static
../Core/Src/Bootloader.c:1056:6:BL_PrintMassage	112	static
