../Core/Src/Bootloader.c:56:11:BL_Fetch_Commend	16	static
../Core/Src/Bootloader.c:116:19:Bootloader_CRC_Verify	40	static
../Core/Src/Bootloader.c:148:13:Bootloader_Send_ACK	24	static
../Core/Src/Bootloader.c:156:13:Bootloader_Send_NACK	16	static
../Core/Src/Bootloader.c:162:13:Bootloader_Send_Data_To_Host	16	static
../Core/Src/Bootloader.c:172:13:Bootloader_Get_Version	32	static
../Core/Src/Bootloader.c:218:13:Bootloader_Get_Help	24	static
../Core/Src/Bootloader.c:274:13:Bootloader_Get_chip_Identification_Number	32	static
../Core/Src/Bootloader.c:315:16:CBL_STM32F103_GET_RDP_Level	40	static
../Core/Src/Bootloader.c:330:13:Bootloader_Read_Protection_Level	32	static
../Core/Src/Bootloader.c:370:16:Host_Jump_Address_Verfication	24	static
../Core/Src/Bootloader.c:395:13:Bootloader_Jump_To_Address	40	static
../Core/Src/Bootloader.c:477:13:Bootloader_Jump_To_User_App	32	static,ignoring_inline_asm
../Core/Src/Bootloader.c:502:16:Perform_Flash_Erase	40	static
../Core/Src/Bootloader.c:581:13:Bootloader_Erase_Flash	32	static
../Core/Src/Bootloader.c:629:16:Flash_Memory_Write_Payload	48	static
../Core/Src/Bootloader.c:707:13:Bootloader_Memory_Write	32	static
../Core/Src/Bootloader.c:796:6:BL_PrintMassage	112	static
