../Core/Src/Bootloader.c:73:11:BL_Fetch_Commend	16	static
../Core/Src/Bootloader.c:139:6:Write_Program_Flag	24	static
../Core/Src/Bootloader.c:146:10:Get_Program_Flag_Status	24	static
../Core/Src/Bootloader.c:203:13:Bootloader_Send_Data_To_Host	16	static
../Core/Src/Bootloader.c:213:13:Bootloader_Get_Version	24	static
../Core/Src/Bootloader.c:301:13:Bootloader_Get_Help	16	static
../Core/Src/Bootloader.c:364:13:Bootloader_Get_chip_Identification_Number	24	static
../Core/Src/Bootloader.c:412:16:CBL_STM32F103_GET_RDP_Level	40	static
../Core/Src/Bootloader.c:423:16:CBL_STM32F103_GET_WDP_Level	40	static
../Core/Src/Bootloader.c:439:13:Bootloader_Read_Protection_Level	24	static
../Core/Src/Bootloader.c:499:16:Host_Jump_Address_Verfication	24	static
../Core/Src/Bootloader.c:524:13:Bootloader_Jump_To_Address	32	static
../Core/Src/Bootloader.c:616:13:Bootloader_Jump_To_User_App1	24	static,ignoring_inline_asm
../Core/Src/Bootloader.c:646:13:Bootloader_Jump_To_User_App2	24	static,ignoring_inline_asm
../Core/Src/Bootloader.c:671:16:Perform_Flash_Erase	40	static
../Core/Src/Bootloader.c:750:13:Bootloader_Erase_Flash	24	static
../Core/Src/Bootloader.c:843:16:Flash_Memory_Write_Payload	48	static
../Core/Src/Bootloader.c:921:13:Bootloader_Memory_Write	24	static
../Core/Src/Bootloader.c:1029:13:Bootloader_Enable_R_Protection	24	static
../Core/Src/Bootloader.c:1087:13:Bootloader_Enable_W_Protection	24	static
../Core/Src/Bootloader.c:1155:13:Bootloader_SetApplication_Flag	24	static
../Core/Src/Bootloader.c:1220:13:BL_Manager	8	static
../Core/Src/Bootloader.c:1243:6:BL_PrintMassage	112	static
