../Core/Src/Bootloader.c:51:11:BL_UART_Fetch_Host_Commend	16	static
../Core/Src/Bootloader.c:164:19:Bootloader_CRC_Verify	40	static
../Core/Src/Bootloader.c:195:13:Bootloader_Send_ACK	24	static
../Core/Src/Bootloader.c:203:13:Bootloader_Send_NACK	16	static
../Core/Src/Bootloader.c:209:13:Bootloader_Send_Data_To_Host	16	static
../Core/Src/Bootloader.c:214:13:Bootloader_Get_Version	32	static
../Core/Src/Bootloader.c:250:13:Bootloader_Get_Help	24	static
../Core/Src/Bootloader.c:281:13:Bootloader_Get_chip_Identification_Number	32	static
../Core/Src/Bootloader.c:316:13:Bootloader_Read_Protection_Level	16	static
../Core/Src/Bootloader.c:320:16:Host_Jump_Address_Verfication	24	static
../Core/Src/Bootloader.c:335:13:Bootloader_Jump_To_Address	40	static
../Core/Src/Bootloader.c:390:13:Bootloader_Jump_To_User_App	32	static,ignoring_inline_asm
../Core/Src/Bootloader.c:410:13:Bootloader_Erase_Flash	16	static
../Core/Src/Bootloader.c:413:13:Bootloader_Memory_Write	16	static
../Core/Src/Bootloader.c:416:13:Bootloader_Enable_RW_Protection	16	static
../Core/Src/Bootloader.c:419:13:Bootloader_Memory_Read	16	static
../Core/Src/Bootloader.c:422:13:Bootloader_Get_Sector_Protection_Status	16	static
../Core/Src/Bootloader.c:425:13:Bootloader_Read_OTP	16	static
../Core/Src/Bootloader.c:428:13:Bootloader_Disable_RW_Protection	16	static
../Core/Src/Bootloader.c:432:6:BL_PrintMassage	112	static
