../Core/Src/Bootloader.c:517:11:BL_Fetch_Commend	16	static
../Core/Src/Bootloader.c:618:13:Bootloader_Send_Data_To_Host	16	static
../Core/Src/Bootloader.c:623:13:Bootloader_Send_Data_To_Tree	24	static
../Core/Src/Bootloader.c:635:13:Bootloader_Get_Version	48	static
../Core/Src/Bootloader.c:748:16:CBL_STM32F103_GET_RDP_Level	40	static
../Core/Src/Bootloader.c:759:16:CBL_STM32F103_GET_WDP_Level	40	static
../Core/Src/Bootloader.c:776:13:Bootloader_Read_Protection_Level	80	static
../Core/Src/Bootloader.c:928:13:Bootloader_Enable_R_Protection	24	static
../Core/Src/Bootloader.c:1008:13:Bootloader_Enable_W_Protection	24	static
../Core/Src/Bootloader.c:1086:16:Host_Jump_Address_Verfication	24	static
../Core/Src/Bootloader.c:1108:16:Perform_Flash_Erase	40	static
../Core/Src/Bootloader.c:1187:13:Bootloader_Erase_Flash	48	static
../Core/Src/Bootloader.c:1305:16:Flash_Memory_Write_Payload	48	static
../Core/Src/Bootloader.c:1382:13:Bootloader_Memory_Write	184	static
../Core/Src/Bootloader.c:1530:13:Bootloader_Jump_To_Address	24	static
../Core/Src/Bootloader.c:1679:13:Bootloader_Jump_To_User_App1	24	static,ignoring_inline_asm
../Core/Src/Bootloader.c:1709:13:Bootloader_Jump_To_User_App2	24	static,ignoring_inline_asm
../Core/Src/Bootloader.c:1733:13:BL_SetApplication_Flag	16	static
../Core/Src/Bootloader.c:1746:13:BL_Manager	8	static
../Core/Src/Bootloader.c:1760:10:Get_Program_Flag_Status	24	static
../Core/Src/Bootloader.c:1767:6:BL_PrintMassage	112	static
../Core/Src/Bootloader.c:1789:6:MemCopy	32	static
../Core/Src/Bootloader.c:1802:6:CAN_TransmitData	32	static
../Core/Src/Bootloader.c:1833:6:CAN_ReceiveData	40	static
../Core/Src/Bootloader.c:1872:6:CAN_Read_RP_Level	40	static
../Core/Src/Bootloader.c:1893:6:CAN_Read_WP_Level	40	static
../Core/Src/Bootloader.c:1914:6:CAN_Receive_AllPendingMessages_FIFO0	32	static
../Core/Src/Bootloader.c:1942:6:CAN_Receive_AllPendingMessages_FIFO1	32	static
../Core/Src/Bootloader.c:1969:6:CAN_Select_Func	8	static
../Core/Src/Bootloader.c:2019:13:Write_Program_Flag	16	static
