17:20:28 **** Build of configuration Debug for project ToggleLed ****
make -j8 all 
arm-none-eabi-gcc -mcpu=cortex-m3 -g3 -DDEBUG -c -x assembler-with-cpp -MMD -MP -MF"Startup/startup_stm32f103c8tx.d" -MT"Startup/startup_stm32f103c8tx.o" --specs=nano.specs -mfloat-abi=soft -mthumb -o "Startup/startup_stm32f103c8tx.o" "../Startup/startup_stm32f103c8tx.s"
arm-none-eabi-gcc "../Src/Det.c" -mcpu=cortex-m3 -std=gnu11 -g3 -DDEBUG -DSTM32 -DSTM32F1 -DSTM32F103C8Tx -c -I../Inc -O0 -ffunction-sections -fdata-sections -Wall -fstack-usage -fcyclomatic-complexity -MMD -MP -MF"Src/Det.d" -MT"Src/Det.o" --specs=nano.specs -mfloat-abi=soft -mthumb -o "Src/Det.o"
arm-none-eabi-gcc "../Src/Dio_Cfg.c" -mcpu=cortex-m3 -std=gnu11 -g3 -DDEBUG -DSTM32 -DSTM32F1 -DSTM32F103C8Tx -c -I../Inc -O0 -ffunction-sections -fdata-sections -Wall -fstack-usage -fcyclomatic-complexity -MMD -MP -MF"Src/Dio_Cfg.d" -MT"Src/Dio_Cfg.o" --specs=nano.specs -mfloat-abi=soft -mthumb -o "Src/Dio_Cfg.o"
arm-none-eabi-gcc "../Src/Dio_Prg.c" -mcpu=cortex-m3 -std=gnu11 -g3 -DDEBUG -DSTM32 -DSTM32F1 -DSTM32F103C8Tx -c -I../Inc -O0 -ffunction-sections -fdata-sections -Wall -fstack-usage -fcyclomatic-complexity -MMD -MP -MF"Src/Dio_Prg.d" -MT"Src/Dio_Prg.o" --specs=nano.specs -mfloat-abi=soft -mthumb -o "Src/Dio_Prg.o"
arm-none-eabi-gcc "../Src/Mcu_Cfg.c" -mcpu=cortex-m3 -std=gnu11 -g3 -DDEBUG -DSTM32 -DSTM32F1 -DSTM32F103C8Tx -c -I../Inc -O0 -ffunction-sections -fdata-sections -Wall -fstack-usage -fcyclomatic-complexity -MMD -MP -MF"Src/Mcu_Cfg.d" -MT"Src/Mcu_Cfg.o" --specs=nano.specs -mfloat-abi=soft -mthumb -o "Src/Mcu_Cfg.o"
arm-none-eabi-gcc "../Src/Mcu_Prg.c" -mcpu=cortex-m3 -std=gnu11 -g3 -DDEBUG -DSTM32 -DSTM32F1 -DSTM32F103C8Tx -c -I../Inc -O0 -ffunction-sections -fdata-sections -Wall -fstack-usage -fcyclomatic-complexity -MMD -MP -MF"Src/Mcu_Prg.d" -MT"Src/Mcu_Prg.o" --specs=nano.specs -mfloat-abi=soft -mthumb -o "Src/Mcu_Prg.o"
arm-none-eabi-gcc "../Src/Port_Cfg.c" -mcpu=cortex-m3 -std=gnu11 -g3 -DDEBUG -DSTM32 -DSTM32F1 -DSTM32F103C8Tx -c -I../Inc -O0 -ffunction-sections -fdata-sections -Wall -fstack-usage -fcyclomatic-complexity -MMD -MP -MF"Src/Port_Cfg.d" -MT"Src/Port_Cfg.o" --specs=nano.specs -mfloat-abi=soft -mthumb -o "Src/Port_Cfg.o"
arm-none-eabi-gcc "../Src/Port_Prg.c" -mcpu=cortex-m3 -std=gnu11 -g3 -DDEBUG -DSTM32 -DSTM32F1 -DSTM32F103C8Tx -c -I../Inc -O0 -ffunction-sections -fdata-sections -Wall -fstack-usage -fcyclomatic-complexity -MMD -MP -MF"Src/Port_Prg.d" -MT"Src/Port_Prg.o" --specs=nano.specs -mfloat-abi=soft -mthumb -o "Src/Port_Prg.o"
arm-none-eabi-gcc "../Src/main.c" -mcpu=cortex-m3 -std=gnu11 -g3 -DDEBUG -DSTM32 -DSTM32F1 -DSTM32F103C8Tx -c -I../Inc -O0 -ffunction-sections -fdata-sections -Wall -fstack-usage -fcyclomatic-complexity -MMD -MP -MF"Src/main.d" -MT"Src/main.o" --specs=nano.specs -mfloat-abi=soft -mthumb -o "Src/main.o"
arm-none-eabi-gcc "../Src/syscalls.c" -mcpu=cortex-m3 -std=gnu11 -g3 -DDEBUG -DSTM32 -DSTM32F1 -DSTM32F103C8Tx -c -I../Inc -O0 -ffunction-sections -fdata-sections -Wall -fstack-usage -fcyclomatic-complexity -MMD -MP -MF"Src/syscalls.d" -MT"Src/syscalls.o" --specs=nano.specs -mfloat-abi=soft -mthumb -o "Src/syscalls.o"
arm-none-eabi-gcc "../Src/sysmem.c" -mcpu=cortex-m3 -std=gnu11 -g3 -DDEBUG -DSTM32 -DSTM32F1 -DSTM32F103C8Tx -c -I../Inc -O0 -ffunction-sections -fdata-sections -Wall -fstack-usage -fcyclomatic-complexity -MMD -MP -MF"Src/sysmem.d" -MT"Src/sysmem.o" --specs=nano.specs -mfloat-abi=soft -mthumb -o "Src/sysmem.o"
arm-none-eabi-gcc -o "ToggleLed.elf" @"objects.list"   -mcpu=cortex-m3 -T"D:\Embedded Track\Fireware-Over-The-Air\FirmwareOverTheAir_Workspace\ToggleLed\STM32F103C8TX_FLASH.ld" --specs=nosys.specs -Wl,-Map="ToggleLed.map" -Wl,--gc-sections -static --specs=nano.specs -mfloat-abi=soft -mthumb -Wl,--start-group -lc -lm -Wl,--end-group
Finished building target: ToggleLed.elf
 
arm-none-eabi-size   ToggleLed.elf 
arm-none-eabi-objdump -h -S  ToggleLed.elf  > "ToggleLed.list"
arm-none-eabi-objcopy  -O ihex  ToggleLed.elf  "ToggleLed.hex"
arm-none-eabi-objcopy  -O binary  ToggleLed.elf  "ToggleLed.bin"
   text	   data	    bss	    dec	    hex	filename
   2656	     52	   1820	   4528	   11b0	ToggleLed.elf
Finished building: default.size.stdout
 
Finished building: ToggleLed.list
 
Finished building: ToggleLed.hex
 
Finished building: ToggleLed.bin
 

17:20:35 Build Finished. 0 errors, 0 warnings. (took 7s.161ms)

