../Core/Src/Bootloader.c:66:11:BL_Fetch_Commend	16	static
../Core/Src/Bootloader.c:131:6:Write_Program_Flag	16	static
../Core/Src/Bootloader.c:137:10:Get_Program_Flag_Status	24	static
../Core/Src/Bootloader.c:145:13:Bootloader_Send_Data_To_Host	16	static
../Core/Src/Bootloader.c:150:13:Bootloader_Send_Data_To_Tree	24	static
../Core/Src/Bootloader.c:160:13:Bootloader_Get_Version	24	static
../Core/Src/Bootloader.c:233:13:Bootloader_Get_chip_Identification_Number	24	static
../Core/Src/Bootloader.c:300:16:CBL_STM32F103_GET_RDP_Level	40	static
../Core/Src/Bootloader.c:311:16:CBL_STM32F103_GET_WDP_Level	40	static
../Core/Src/Bootloader.c:328:13:Bootloader_Read_Protection_Level	24	static
../Core/Src/Bootloader.c:396:16:Host_Jump_Address_Verfication	24	static
../Core/Src/Bootloader.c:425:13:Bootloader_Jump_To_Address	32	static
../Core/Src/Bootloader.c:492:13:Bootloader_Jump_To_User_App1	24	static,ignoring_inline_asm
../Core/Src/Bootloader.c:527:13:Bootloader_Jump_To_User_App2	24	static,ignoring_inline_asm
../Core/Src/Bootloader.c:557:16:Perform_Flash_Erase	40	static
../Core/Src/Bootloader.c:640:13:Bootloader_Erase_Flash	24	static
../Core/Src/Bootloader.c:709:16:Flash_Memory_Write_Payload	48	static
../Core/Src/Bootloader.c:790:13:Bootloader_Memory_Write	24	static
../Core/Src/Bootloader.c:865:13:Bootloader_Enable_R_Protection	24	static
../Core/Src/Bootloader.c:925:13:Bootloader_Enable_W_Protection	24	static
../Core/Src/Bootloader.c:999:13:Bootloader_SetApplication_Flag	24	static
../Core/Src/Bootloader.c:1064:13:BL_Manager	8	static
../Core/Src/Bootloader.c:1087:6:BL_PrintMassage	112	static
