Archive member included to satisfy reference by file (symbol)

C:/ST/STM32CubeIDE_1.10.1/STM32CubeIDE/plugins/com.st.stm32cube.ide.mcu.externaltools.gnu-tools-for-stm32.11.3.rel1.win32_1.1.0.202305231506/tools/bin/../lib/gcc/arm-none-eabi/11.3.1/../../../../arm-none-eabi/lib/thumb/v7-m/nofp\libc_nano.a(libc_a-exit.o)
                              C:/ST/STM32CubeIDE_1.10.1/STM32CubeIDE/plugins/com.st.stm32cube.ide.mcu.externaltools.gnu-tools-for-stm32.11.3.rel1.win32_1.1.0.202305231506/tools/bin/../lib/gcc/arm-none-eabi/11.3.1/../../../../arm-none-eabi/lib/thumb/v7-m/nofp/crt0.o (exit)
C:/ST/STM32CubeIDE_1.10.1/STM32CubeIDE/plugins/com.st.stm32cube.ide.mcu.externaltools.gnu-tools-for-stm32.11.3.rel1.win32_1.1.0.202305231506/tools/bin/../lib/gcc/arm-none-eabi/11.3.1/../../../../arm-none-eabi/lib/thumb/v7-m/nofp\libc_nano.a(libc_a-findfp.o)
                              C:/ST/STM32CubeIDE_1.10.1/STM32CubeIDE/plugins/com.st.stm32cube.ide.mcu.externaltools.gnu-tools-for-stm32.11.3.rel1.win32_1.1.0.202305231506/tools/bin/../lib/gcc/arm-none-eabi/11.3.1/../../../../arm-none-eabi/lib/thumb/v7-m/nofp\libc_nano.a(libc_a-exit.o) (__stdio_exit_handler)
C:/ST/STM32CubeIDE_1.10.1/STM32CubeIDE/plugins/com.st.stm32cube.ide.mcu.externaltools.gnu-tools-for-stm32.11.3.rel1.win32_1.1.0.202305231506/tools/bin/../lib/gcc/arm-none-eabi/11.3.1/../../../../arm-none-eabi/lib/thumb/v7-m/nofp\libc_nano.a(libc_a-fwalk.o)
                              C:/ST/STM32CubeIDE_1.10.1/STM32CubeIDE/plugins/com.st.stm32cube.ide.mcu.externaltools.gnu-tools-for-stm32.11.3.rel1.win32_1.1.0.202305231506/tools/bin/../lib/gcc/arm-none-eabi/11.3.1/../../../../arm-none-eabi/lib/thumb/v7-m/nofp\libc_nano.a(libc_a-findfp.o) (_fwalk_sglue)
C:/ST/STM32CubeIDE_1.10.1/STM32CubeIDE/plugins/com.st.stm32cube.ide.mcu.externaltools.gnu-tools-for-stm32.11.3.rel1.win32_1.1.0.202305231506/tools/bin/../lib/gcc/arm-none-eabi/11.3.1/../../../../arm-none-eabi/lib/thumb/v7-m/nofp\libc_nano.a(libc_a-stdio.o)
                              C:/ST/STM32CubeIDE_1.10.1/STM32CubeIDE/plugins/com.st.stm32cube.ide.mcu.externaltools.gnu-tools-for-stm32.11.3.rel1.win32_1.1.0.202305231506/tools/bin/../lib/gcc/arm-none-eabi/11.3.1/../../../../arm-none-eabi/lib/thumb/v7-m/nofp\libc_nano.a(libc_a-findfp.o) (__sread)
C:/ST/STM32CubeIDE_1.10.1/STM32CubeIDE/plugins/com.st.stm32cube.ide.mcu.externaltools.gnu-tools-for-stm32.11.3.rel1.win32_1.1.0.202305231506/tools/bin/../lib/gcc/arm-none-eabi/11.3.1/../../../../arm-none-eabi/lib/thumb/v7-m/nofp\libc_nano.a(libc_a-vsprintf.o)
                              ./Core/Src/Bootloader.o (vsprintf)
C:/ST/STM32CubeIDE_1.10.1/STM32CubeIDE/plugins/com.st.stm32cube.ide.mcu.externaltools.gnu-tools-for-stm32.11.3.rel1.win32_1.1.0.202305231506/tools/bin/../lib/gcc/arm-none-eabi/11.3.1/../../../../arm-none-eabi/lib/thumb/v7-m/nofp\libc_nano.a(libc_a-memset.o)
                              C:/ST/STM32CubeIDE_1.10.1/STM32CubeIDE/plugins/com.st.stm32cube.ide.mcu.externaltools.gnu-tools-for-stm32.11.3.rel1.win32_1.1.0.202305231506/tools/bin/../lib/gcc/arm-none-eabi/11.3.1/../../../../arm-none-eabi/lib/thumb/v7-m/nofp/crt0.o (memset)
C:/ST/STM32CubeIDE_1.10.1/STM32CubeIDE/plugins/com.st.stm32cube.ide.mcu.externaltools.gnu-tools-for-stm32.11.3.rel1.win32_1.1.0.202305231506/tools/bin/../lib/gcc/arm-none-eabi/11.3.1/../../../../arm-none-eabi/lib/thumb/v7-m/nofp\libc_nano.a(libc_a-closer.o)
                              C:/ST/STM32CubeIDE_1.10.1/STM32CubeIDE/plugins/com.st.stm32cube.ide.mcu.externaltools.gnu-tools-for-stm32.11.3.rel1.win32_1.1.0.202305231506/tools/bin/../lib/gcc/arm-none-eabi/11.3.1/../../../../arm-none-eabi/lib/thumb/v7-m/nofp\libc_nano.a(libc_a-stdio.o) (_close_r)
C:/ST/STM32CubeIDE_1.10.1/STM32CubeIDE/plugins/com.st.stm32cube.ide.mcu.externaltools.gnu-tools-for-stm32.11.3.rel1.win32_1.1.0.202305231506/tools/bin/../lib/gcc/arm-none-eabi/11.3.1/../../../../arm-none-eabi/lib/thumb/v7-m/nofp\libc_nano.a(libc_a-reent.o)
                              C:/ST/STM32CubeIDE_1.10.1/STM32CubeIDE/plugins/com.st.stm32cube.ide.mcu.externaltools.gnu-tools-for-stm32.11.3.rel1.win32_1.1.0.202305231506/tools/bin/../lib/gcc/arm-none-eabi/11.3.1/../../../../arm-none-eabi/lib/thumb/v7-m/nofp\libc_nano.a(libc_a-closer.o) (errno)
C:/ST/STM32CubeIDE_1.10.1/STM32CubeIDE/plugins/com.st.stm32cube.ide.mcu.externaltools.gnu-tools-for-stm32.11.3.rel1.win32_1.1.0.202305231506/tools/bin/../lib/gcc/arm-none-eabi/11.3.1/../../../../arm-none-eabi/lib/thumb/v7-m/nofp\libc_nano.a(libc_a-impure.o)
                              C:/ST/STM32CubeIDE_1.10.1/STM32CubeIDE/plugins/com.st.stm32cube.ide.mcu.externaltools.gnu-tools-for-stm32.11.3.rel1.win32_1.1.0.202305231506/tools/bin/../lib/gcc/arm-none-eabi/11.3.1/../../../../arm-none-eabi/lib/thumb/v7-m/nofp\libc_nano.a(libc_a-vsprintf.o) (_impure_ptr)
[...]
Memory Configuration

Name             Origin             Length             Attributes
RAM              0x0000000020000000 0x0000000000005000 xrw
FLASH            0x0000000008000000 0x0000000000004c00 xr
APP1_FLAG        0x000000000800f000 0x0000000000000004 xrw
APP2_FLAG        0x000000000800f004 0x0000000000000004 xrw
*default*        0x0000000000000000 0xffffffffffffffff

Linker script and memory map

LOAD C:/ST/STM32CubeIDE_1.10.1/STM32CubeIDE/plugins/com.st.stm32cube.ide.mcu.externaltools.gnu-tools-for-stm32.11.3.rel1.win32_1.1.0.202305231506/tools/bin/../lib/gcc/arm-none-eabi/11.3.1/thumb/v7-m/nofp/crti.o
LOAD C:/ST/STM32CubeIDE_1.10.1/STM32CubeIDE/plugins/com.st.stm32cube.ide.mcu.externaltools.gnu-tools-for-stm32.11.3.rel1.win32_1.1.0.202305231506/tools/bin/../lib/gcc/arm-none-eabi/11.3.1/thumb/v7-m/nofp/crtbegin.o
LOAD C:/ST/STM32CubeIDE_1.10.1/STM32CubeIDE/plugins/com.st.stm32cube.ide.mcu.externaltools.gnu-tools-for-stm32.11.3.rel1.win32_1.1.0.202305231506/tools/bin/../lib/gcc/arm-none-eabi/11.3.1/../../../../arm-none-eabi/lib/thumb/v7-m/nofp/crt0.o
LOAD ./Core/Src/Bootloader.o
LOAD ./Core/Src/gpio.o
LOAD ./Core/Src/main.o
LOAD ./Core/Src/stm32f1xx_hal_msp.o
LOAD ./Core/Src/stm32f1xx_it.o
LOAD ./Core/Src/syscalls.o
LOAD ./Core/Src/sysmem.o
LOAD ./Core/Src/system_stm32f1xx.o
LOAD ./Core/Src/usart.o
LOAD ./Core/Startup/startup_stm32f103c8tx.o
LOAD ./Drivers/STM32F1xx_HAL_Driver/Src/stm32f1xx_hal.o
LOAD ./Drivers/STM32F1xx_HAL_Driver/Src/stm32f1xx_hal_cortex.o
LOAD ./Drivers/STM32F1xx_HAL_Driver/Src/stm32f1xx_hal_dma.o
LOAD ./Drivers/STM32F1xx_HAL_Driver/Src/stm32f1xx_hal_exti.o
LOAD ./Drivers/STM32F1xx_HAL_Driver/Src/stm32f1xx_hal_flash.o
LOAD ./Drivers/STM32F1xx_HAL_Driver/Src/stm32f1xx_hal_flash_ex.o
LOAD ./Drivers/STM32F1xx_HAL_Driver/Src/stm32f1xx_hal_gpio.o
LOAD ./Drivers/STM32F1xx_HAL_Driver/Src/stm32f1xx_hal_gpio_ex.o
LOAD ./Drivers/STM32F1xx_HAL_Driver/Src/stm32f1xx_hal_pwr.o
LOAD ./Drivers/STM32F1xx_HAL_Driver/Src/stm32f1xx_hal_rcc.o
LOAD ./Drivers/STM32F1xx_HAL_Driver/Src/stm32f1xx_hal_rcc_ex.o
LOAD ./Drivers/STM32F1xx_HAL_Driver/Src/stm32f1xx_hal_uart.o
START GROUP
LOAD C:/ST/STM32CubeIDE_1.10.1/STM32CubeIDE/plugins/com.st.stm32cube.ide.mcu.externaltools.gnu-tools-for-stm32.11.3.rel1.win32_1.1.0.202305231506/tools/bin/../lib/gcc/arm-none-eabi/11.3.1/../../../../arm-none-eabi/lib/thumb/v7-m/nofp\libc_nano.a
LOAD C:/ST/STM32CubeIDE_1.10.1/STM32CubeIDE/plugins/com.st.stm32cube.ide.mcu.externaltools.gnu-tools-for-stm32.11.3.rel1.win32_1.1.0.202305231506/tools/bin/../lib/gcc/arm-none-eabi/11.3.1/../../../../arm-none-eabi/lib/thumb/v7-m/nofp\libm.a
END GROUP
START GROUP
LOAD C:/ST/STM32CubeIDE_1.10.1/STM32CubeIDE/plugins/com.st.stm32cube.ide.mcu.externaltools.gnu-tools-for-stm32.11.3.rel1.win32_1.1.0.202305231506/tools/bin/../lib/gcc/arm-none-eabi/11.3.1/thumb/v7-m/nofp\libgcc.a
LOAD C:/ST/STM32CubeIDE_1.10.1/STM32CubeIDE/plugins/com.st.stm32cube.ide.mcu.externaltools.gnu-tools-for-stm32.11.3.rel1.win32_1.1.0.202305231506/tools/bin/../lib/gcc/arm-none-eabi/11.3.1/../../../../arm-none-eabi/lib/thumb/v7-m/nofp\libc_nano.a
END GROUP
START GROUP
LOAD C:/ST/STM32CubeIDE_1.10.1/STM32CubeIDE/plugins/com.st.stm32cube.ide.mcu.externaltools.gnu-tools-for-stm32.11.3.rel1.win32_1.1.0.202305231506/tools/bin/../lib/gcc/arm-none-eabi/11.3.1/thumb/v7-m/nofp\libgcc.a
LOAD C:/ST/STM32CubeIDE_1.10.1/STM32CubeIDE/plugins/com.st.stm32cube.ide.mcu.externaltools.gnu-tools-for-stm32.11.3.rel1.win32_1.1.0.202305231506/tools/bin/../lib/gcc/arm-none-eabi/11.3.1/../../../../arm-none-eabi/lib/thumb/v7-m/nofp\libc_nano.a
LOAD C:/ST/STM32CubeIDE_1.10.1/STM32CubeIDE/plugins/com.st.stm32cube.ide.mcu.externaltools.gnu-tools-for-stm32.11.3.rel1.win32_1.1.0.202305231506/tools/bin/../lib/gcc/arm-none-eabi/11.3.1/../../../../arm-none-eabi/lib/thumb/v7-m/nofp\libnosys.a
END GROUP
START GROUP
LOAD C:/ST/STM32CubeIDE_1.10.1/STM32CubeIDE/plugins/com.st.stm32cube.ide.mcu.externaltools.gnu-tools-for-stm32.11.3.rel1.win32_1.1.0.202305231506/tools/bin/../lib/gcc/arm-none-eabi/11.3.1/thumb/v7-m/nofp\libgcc.a
LOAD C:/ST/STM32CubeIDE_1.10.1/STM32CubeIDE/plugins/com.st.stm32cube.ide.mcu.externaltools.gnu-tools-for-stm32.11.3.rel1.win32_1.1.0.202305231506/tools/bin/../lib/gcc/arm-none-eabi/11.3.1/../../../../arm-none-eabi/lib/thumb/v7-m/nofp\libc_nano.a
LOAD C:/ST/STM32CubeIDE_1.10.1/STM32CubeIDE/plugins/com.st.stm32cube.ide.mcu.externaltools.gnu-tools-for-stm32.11.3.rel1.win32_1.1.0.202305231506/tools/bin/../lib/gcc/arm-none-eabi/11.3.1/../../../../arm-none-eabi/lib/thumb/v7-m/nofp\libnosys.a
END GROUP
LOAD C:/ST/STM32CubeIDE_1.10.1/STM32CubeIDE/plugins/com.st.stm32cube.ide.mcu.externaltools.gnu-tools-for-stm32.11.3.rel1.win32_1.1.0.202305231506/tools/bin/../lib/gcc/arm-none-eabi/11.3.1/thumb/v7-m/nofp/crtend.o
LOAD C:/ST/STM32CubeIDE_1.10.1/STM32CubeIDE/plugins/com.st.stm32cube.ide.mcu.externaltools.gnu-tools-for-stm32.11.3.rel1.win32_1.1.0.202305231506/tools/bin/../lib/gcc/arm-none-eabi/11.3.1/thumb/v7-m/nofp/crtn.o
                0x0000000020005000                _estack = (ORIGIN (RAM) + LENGTH (RAM))
                0x0000000000000200                _Min_Heap_Size = 0x200
                0x0000000000000400                _Min_Stack_Size = 0x400

.isr_vector     0x0000000008000000      0x10c
                0x0000000008000000                . = ALIGN (0x4)
 *(.isr_vector)
 .isr_vector    0x0000000008000000      0x10c ./Core/Startup/startup_stm32f103c8tx.o
                0x0000000008000000                g_pfnVectors
                0x000000000800010c                . = ALIGN (0x4)

.text           0x000000000800010c     0x2be8
                0x000000000800010c                . = ALIGN (0x4)
 *(.text)
 .text          0x000000000800010c       0x40 C:/ST/STM32CubeIDE_1.10.1/STM32CubeIDE/plugins/com.st.stm32cube.ide.mcu.externaltools.gnu-tools-for-stm32.11.3.rel1.win32_1.1.0.202305231506/tools/bin/../lib/gcc/arm-none-eabi/11.3.1/thumb/v7-m/nofp/crtbegin.o
 *(.text*)
 .text.BL_Fetch_Commend
                0x000000000800014c       0xb4 ./Core/Src/Bootloader.o
                0x000000000800014c                BL_Fetch_Commend
 .text.Bootloader_Send_Data_To_Host
                0x0000000008000200       0x28 ./Core/Src/Bootloader.o
 .text.Bootloader_Send_Data_To_Tree
                0x0000000008000228       0x28 ./Core/Src/Bootloader.o
 .text.Bootloader_Get_Version
                0x0000000008000250       0x84 ./Core/Src/Bootloader.o
 .text.CBL_STM32F103_GET_RDP_Level
                0x00000000080002d4       0x18 ./Core/Src/Bootloader.o
 .text.CBL_STM32F103_GET_WDP_Level
                0x00000000080002ec       0x1a ./Core/Src/Bootloader.o
 *fill*         0x0000000008000306        0x2 
 .text.Bootloader_Read_Protection_Level
                0x0000000008000308       0xa4 ./Core/Src/Bootloader.o
 .text.Bootloader_Enable_R_Protection
                0x00000000080003ac       0xec ./Core/Src/Bootloader.o
 .text.Bootloader_Enable_W_Protection
                0x0000000008000498       0xf8 ./Core/Src/Bootloader.o
 .text.Host_Jump_Address_Verfication
                0x0000000008000590       0x50 ./Core/Src/Bootloader.o
 .text.Perform_Flash_Erase
                0x00000000080005e0       0xa0 ./Core/Src/Bootloader.o
 .text.Bootloader_Erase_Flash
                0x0000000008000680       0xa8 ./Core/Src/Bootloader.o
 .text.Flash_Memory_Write_Payload
                0x0000000008000728       0xd2 ./Core/Src/Bootloader.o
 *fill*         0x00000000080007fa        0x2 
 .text.Bootloader_Memory_Write
                0x00000000080007fc       0xe0 ./Core/Src/Bootloader.o
 .text.Bootloader_Jump_To_Address
                0x00000000080008dc       0x90 ./Core/Src/Bootloader.o
 .text.Bootloader_Jump_To_User_App1
                0x000000000800096c       0x3c ./Core/Src/Bootloader.o
 .text.Bootloader_Jump_To_User_App2
                0x00000000080009a8       0x3c ./Core/Src/Bootloader.o
 .text.BL_SetApplication_Flag
                0x00000000080009e4       0x6c ./Core/Src/Bootloader.o
 .text.BL_Manager
                0x0000000008000a50       0x38 ./Core/Src/Bootloader.o
 .text.Get_Program_Flag_Status
                0x0000000008000a88       0x1a ./Core/Src/Bootloader.o
                0x0000000008000a88                Get_Program_Flag_Status
 *fill*         0x0000000008000aa2        0x2 
 .text.MX_GPIO_Init
                0x0000000008000aa4       0x44 ./Core/Src/gpio.o
                0x0000000008000aa4                MX_GPIO_Init
 .text.main     0x0000000008000ae8       0x1e ./Core/Src/main.o
                0x0000000008000ae8                main
 .text.SystemClock_Config
                0x0000000008000b06       0x76 ./Core/Src/main.o
                0x0000000008000b06                SystemClock_Config
 .text.Error_Handler
                0x0000000008000b7c        0xa ./Core/Src/main.o
                0x0000000008000b7c                Error_Handler
 *fill*         0x0000000008000b86        0x2 
 .text.HAL_MspInit
                0x0000000008000b88       0x44 ./Core/Src/stm32f1xx_hal_msp.o
                0x0000000008000b88                HAL_MspInit
 .text.NMI_Handler
                0x0000000008000bcc        0x6 ./Core/Src/stm32f1xx_it.o
                0x0000000008000bcc                NMI_Handler
 .text.HardFault_Handler
                0x0000000008000bd2        0x6 ./Core/Src/stm32f1xx_it.o
                0x0000000008000bd2                HardFault_Handler
 .text.MemManage_Handler
                0x0000000008000bd8        0x6 ./Core/Src/stm32f1xx_it.o
                0x0000000008000bd8                MemManage_Handler
 .text.BusFault_Handler
                0x0000000008000bde        0x6 ./Core/Src/stm32f1xx_it.o
                0x0000000008000bde                BusFault_Handler
 .text.UsageFault_Handler
                0x0000000008000be4        0x6 ./Core/Src/stm32f1xx_it.o
                0x0000000008000be4                UsageFault_Handler
 .text.SVC_Handler
                0x0000000008000bea        0xc ./Core/Src/stm32f1xx_it.o
                0x0000000008000bea                SVC_Handler
 .text.DebugMon_Handler
                0x0000000008000bf6        0xc ./Core/Src/stm32f1xx_it.o
                0x0000000008000bf6                DebugMon_Handler
 .text.PendSV_Handler
                0x0000000008000c02        0xc ./Core/Src/stm32f1xx_it.o
                0x0000000008000c02                PendSV_Handler
 .text.SysTick_Handler
                0x0000000008000c0e        0xc ./Core/Src/stm32f1xx_it.o
                0x0000000008000c0e                SysTick_Handler
 .text.SystemInit
                0x0000000008000c1a        0xc ./Core/Src/system_stm32f1xx.o
                0x0000000008000c1a                SystemInit
 *fill*         0x0000000008000c26        0x2 
 .text.MX_USART1_UART_Init
                0x0000000008000c28       0x54 ./Core/Src/usart.o
                0x0000000008000c28                MX_USART1_UART_Init
 .text.MX_USART2_UART_Init
                0x0000000008000c7c       0x54 ./Core/Src/usart.o
                0x0000000008000c7c                MX_USART2_UART_Init
 .text.HAL_UART_MspInit
                0x0000000008000cd0      0x108 ./Core/Src/usart.o
                0x0000000008000cd0                HAL_UART_MspInit
 .text.Reset_Handler
                0x0000000008000dd8       0x48 ./Core/Startup/startup_stm32f103c8tx.o
                0x0000000008000dd8                Reset_Handler
 .text.Default_Handler
                0x0000000008000e20        0x2 ./Core/Startup/startup_stm32f103c8tx.o
                0x0000000008000e20                RTC_Alarm_IRQHandler
                0x0000000008000e20                EXTI2_IRQHandler
                0x0000000008000e20                TIM1_CC_IRQHandler
                0x0000000008000e20                PVD_IRQHandler
                0x0000000008000e20                EXTI3_IRQHandler
                0x0000000008000e20                EXTI0_IRQHandler
                0x0000000008000e20                I2C2_EV_IRQHandler
                0x0000000008000e20                ADC1_2_IRQHandler
                0x0000000008000e20                SPI1_IRQHandler
                0x0000000008000e20                TAMPER_IRQHandler
                0x0000000008000e20                DMA1_Channel4_IRQHandler
                0x0000000008000e20                USART3_IRQHandler
                0x0000000008000e20                RTC_IRQHandler
                0x0000000008000e20                DMA1_Channel7_IRQHandler
                0x0000000008000e20                CAN1_RX1_IRQHandler
                0x0000000008000e20                TIM4_IRQHandler
                0x0000000008000e20                I2C1_EV_IRQHandler
                0x0000000008000e20                DMA1_Channel6_IRQHandler
                0x0000000008000e20                TIM3_IRQHandler
                0x0000000008000e20                RCC_IRQHandler
                0x0000000008000e20                TIM1_TRG_COM_IRQHandler
                0x0000000008000e20                DMA1_Channel1_IRQHandler
                0x0000000008000e20                Default_Handler
                0x0000000008000e20                EXTI15_10_IRQHandler
                0x0000000008000e20                EXTI9_5_IRQHandler
                0x0000000008000e20                SPI2_IRQHandler
                0x0000000008000e20                DMA1_Channel5_IRQHandler
                0x0000000008000e20                EXTI4_IRQHandler
                0x0000000008000e20                USB_LP_CAN1_RX0_IRQHandler
                0x0000000008000e20                USB_HP_CAN1_TX_IRQHandler
                0x0000000008000e20                DMA1_Channel3_IRQHandler
                0x0000000008000e20                TIM1_UP_IRQHandler
                0x0000000008000e20                WWDG_IRQHandler
                0x0000000008000e20                TIM2_IRQHandler
                0x0000000008000e20                TIM1_BRK_IRQHandler
                0x0000000008000e20                EXTI1_IRQHandler
                0x0000000008000e20                USART2_IRQHandler
                0x0000000008000e20                I2C2_ER_IRQHandler
                0x0000000008000e20                DMA1_Channel2_IRQHandler
                0x0000000008000e20                CAN1_SCE_IRQHandler
                0x0000000008000e20                FLASH_IRQHandler
                0x0000000008000e20                USART1_IRQHandler
                0x0000000008000e20                I2C1_ER_IRQHandler
                0x0000000008000e20                USBWakeUp_IRQHandler
 *fill*         0x0000000008000e22        0x2 
 .text.HAL_Init
                0x0000000008000e24       0x2c ./Drivers/STM32F1xx_HAL_Driver/Src/stm32f1xx_hal.o
                0x0000000008000e24                HAL_Init
 .text.HAL_InitTick
                0x0000000008000e50       0x60 ./Drivers/STM32F1xx_HAL_Driver/Src/stm32f1xx_hal.o
                0x0000000008000e50                HAL_InitTick
 .text.HAL_IncTick
                0x0000000008000eb0       0x24 ./Drivers/STM32F1xx_HAL_Driver/Src/stm32f1xx_hal.o
                0x0000000008000eb0                HAL_IncTick
 .text.HAL_GetTick
                0x0000000008000ed4       0x14 ./Drivers/STM32F1xx_HAL_Driver/Src/stm32f1xx_hal.o
                0x0000000008000ed4                HAL_GetTick
 .text.__NVIC_SetPriorityGrouping
                0x0000000008000ee8       0x48 ./Drivers/STM32F1xx_HAL_Driver/Src/stm32f1xx_hal_cortex.o
 .text.__NVIC_GetPriorityGrouping
                0x0000000008000f30       0x1c ./Drivers/STM32F1xx_HAL_Driver/Src/stm32f1xx_hal_cortex.o
 .text.__NVIC_SetPriority
                0x0000000008000f4c       0x54 ./Drivers/STM32F1xx_HAL_Driver/Src/stm32f1xx_hal_cortex.o
 .text.NVIC_EncodePriority
                0x0000000008000fa0       0x64 ./Drivers/STM32F1xx_HAL_Driver/Src/stm32f1xx_hal_cortex.o
 .text.__NVIC_SystemReset
                0x0000000008001004       0x2c ./Drivers/STM32F1xx_HAL_Driver/Src/stm32f1xx_hal_cortex.o
 .text.SysTick_Config
                0x0000000008001030       0x44 ./Drivers/STM32F1xx_HAL_Driver/Src/stm32f1xx_hal_cortex.o
 .text.HAL_NVIC_SetPriorityGrouping
                0x0000000008001074       0x16 ./Drivers/STM32F1xx_HAL_Driver/Src/stm32f1xx_hal_cortex.o
                0x0000000008001074                HAL_NVIC_SetPriorityGrouping
 .text.HAL_NVIC_SetPriority
                0x000000000800108a       0x38 ./Drivers/STM32F1xx_HAL_Driver/Src/stm32f1xx_hal_cortex.o
                0x000000000800108a                HAL_NVIC_SetPriority
 .text.HAL_NVIC_SystemReset
                0x00000000080010c2        0x8 ./Drivers/STM32F1xx_HAL_Driver/Src/stm32f1xx_hal_cortex.o
                0x00000000080010c2                HAL_NVIC_SystemReset
 .text.HAL_SYSTICK_Config
                0x00000000080010ca       0x18 ./Drivers/STM32F1xx_HAL_Driver/Src/stm32f1xx_hal_cortex.o
                0x00000000080010ca                HAL_SYSTICK_Config
 *fill*         0x00000000080010e2        0x2 
 .text.HAL_FLASH_Program
                0x00000000080010e4       0xe0 ./Drivers/STM32F1xx_HAL_Driver/Src/stm32f1xx_hal_flash.o
                0x00000000080010e4                HAL_FLASH_Program
 .text.HAL_FLASH_Unlock
                0x00000000080011c4       0x4c ./Drivers/STM32F1xx_HAL_Driver/Src/stm32f1xx_hal_flash.o
                0x00000000080011c4                HAL_FLASH_Unlock
 .text.HAL_FLASH_Lock
                0x0000000008001210       0x20 ./Drivers/STM32F1xx_HAL_Driver/Src/stm32f1xx_hal_flash.o
                0x0000000008001210                HAL_FLASH_Lock
 .text.HAL_FLASH_OB_Unlock
                0x0000000008001230       0x38 ./Drivers/STM32F1xx_HAL_Driver/Src/stm32f1xx_hal_flash.o
                0x0000000008001230                HAL_FLASH_OB_Unlock
 .text.HAL_FLASH_OB_Lock
                0x0000000008001268       0x20 ./Drivers/STM32F1xx_HAL_Driver/Src/stm32f1xx_hal_flash.o
                0x0000000008001268                HAL_FLASH_OB_Lock
 .text.HAL_FLASH_OB_Launch
                0x0000000008001288        0xc ./Drivers/STM32F1xx_HAL_Driver/Src/stm32f1xx_hal_flash.o
                0x0000000008001288                HAL_FLASH_OB_Launch
 .text.FLASH_Program_HalfWord
                0x0000000008001294       0x38 ./Drivers/STM32F1xx_HAL_Driver/Src/stm32f1xx_hal_flash.o
 .text.FLASH_WaitForLastOperation
                0x00000000080012cc       0x8c ./Drivers/STM32F1xx_HAL_Driver/Src/stm32f1xx_hal_flash.o
                0x00000000080012cc                FLASH_WaitForLastOperation
 .text.FLASH_SetErrorCode
                0x0000000008001358       0xa0 ./Drivers/STM32F1xx_HAL_Driver/Src/stm32f1xx_hal_flash.o
 .text.HAL_FLASHEx_Erase
                0x00000000080013f8       0xd8 ./Drivers/STM32F1xx_HAL_Driver/Src/stm32f1xx_hal_flash_ex.o
                0x00000000080013f8                HAL_FLASHEx_Erase
 .text.HAL_FLASHEx_OBErase
                0x00000000080014d0       0x84 ./Drivers/STM32F1xx_HAL_Driver/Src/stm32f1xx_hal_flash_ex.o
                0x00000000080014d0                HAL_FLASHEx_OBErase
 .text.HAL_FLASHEx_OBProgram
                0x0000000008001554       0xf8 ./Drivers/STM32F1xx_HAL_Driver/Src/stm32f1xx_hal_flash_ex.o
                0x0000000008001554                HAL_FLASHEx_OBProgram
 .text.HAL_FLASHEx_OBGetConfig
                0x000000000800164c       0x38 ./Drivers/STM32F1xx_HAL_Driver/Src/stm32f1xx_hal_flash_ex.o
                0x000000000800164c                HAL_FLASHEx_OBGetConfig
 .text.FLASH_MassErase
                0x0000000008001684       0x38 ./Drivers/STM32F1xx_HAL_Driver/Src/stm32f1xx_hal_flash_ex.o
 .text.FLASH_OB_EnableWRP
                0x00000000080016bc      0x144 ./Drivers/STM32F1xx_HAL_Driver/Src/stm32f1xx_hal_flash_ex.o
 .text.FLASH_OB_DisableWRP
                0x0000000008001800      0x140 ./Drivers/STM32F1xx_HAL_Driver/Src/stm32f1xx_hal_flash_ex.o
 .text.FLASH_OB_RDP_LevelConfig
                0x0000000008001940       0xa0 ./Drivers/STM32F1xx_HAL_Driver/Src/stm32f1xx_hal_flash_ex.o
 .text.FLASH_OB_UserConfig
                0x00000000080019e0       0x70 ./Drivers/STM32F1xx_HAL_Driver/Src/stm32f1xx_hal_flash_ex.o
 .text.FLASH_OB_ProgramData
                0x0000000008001a50       0x68 ./Drivers/STM32F1xx_HAL_Driver/Src/stm32f1xx_hal_flash_ex.o
 .text.FLASH_OB_GetWRP
                0x0000000008001ab8       0x14 ./Drivers/STM32F1xx_HAL_Driver/Src/stm32f1xx_hal_flash_ex.o
 .text.FLASH_OB_GetRDP
                0x0000000008001acc       0x38 ./Drivers/STM32F1xx_HAL_Driver/Src/stm32f1xx_hal_flash_ex.o
 .text.FLASH_OB_GetUser
                0x0000000008001b04       0x20 ./Drivers/STM32F1xx_HAL_Driver/Src/stm32f1xx_hal_flash_ex.o
 .text.FLASH_PageErase
                0x0000000008001b24       0x40 ./Drivers/STM32F1xx_HAL_Driver/Src/stm32f1xx_hal_flash_ex.o
                0x0000000008001b24                FLASH_PageErase
 .text.HAL_GPIO_Init
                0x0000000008001b64      0x308 ./Drivers/STM32F1xx_HAL_Driver/Src/stm32f1xx_hal_gpio.o
                0x0000000008001b64                HAL_GPIO_Init
 .text.HAL_RCC_DeInit
                0x0000000008001e6c      0x134 ./Drivers/STM32F1xx_HAL_Driver/Src/stm32f1xx_hal_rcc.o
                0x0000000008001e6c                HAL_RCC_DeInit
 .text.HAL_RCC_OscConfig
                0x0000000008001fa0      0x504 ./Drivers/STM32F1xx_HAL_Driver/Src/stm32f1xx_hal_rcc.o
                0x0000000008001fa0                HAL_RCC_OscConfig
 .text.HAL_RCC_ClockConfig
                0x00000000080024a4      0x1d4 ./Drivers/STM32F1xx_HAL_Driver/Src/stm32f1xx_hal_rcc.o
                0x00000000080024a4                HAL_RCC_ClockConfig
 .text.HAL_RCC_GetSysClockFreq
                0x0000000008002678       0xa8 ./Drivers/STM32F1xx_HAL_Driver/Src/stm32f1xx_hal_rcc.o
                0x0000000008002678                HAL_RCC_GetSysClockFreq
 .text.HAL_RCC_GetHCLKFreq
                0x0000000008002720       0x14 ./Drivers/STM32F1xx_HAL_Driver/Src/stm32f1xx_hal_rcc.o
                0x0000000008002720                HAL_RCC_GetHCLKFreq
 .text.HAL_RCC_GetPCLK1Freq
                0x0000000008002734       0x28 ./Drivers/STM32F1xx_HAL_Driver/Src/stm32f1xx_hal_rcc.o
                0x0000000008002734                HAL_RCC_GetPCLK1Freq
 .text.HAL_RCC_GetPCLK2Freq
                0x000000000800275c       0x28 ./Drivers/STM32F1xx_HAL_Driver/Src/stm32f1xx_hal_rcc.o
                0x000000000800275c                HAL_RCC_GetPCLK2Freq
 .text.RCC_Delay
                0x0000000008002784       0x3c ./Drivers/STM32F1xx_HAL_Driver/Src/stm32f1xx_hal_rcc.o
 .text.HAL_UART_Init
                0x00000000080027c0       0xa0 ./Drivers/STM32F1xx_HAL_Driver/Src/stm32f1xx_hal_uart.o
                0x00000000080027c0                HAL_UART_Init
 .text.HAL_UART_Transmit
                0x0000000008002860      0x106 ./Drivers/STM32F1xx_HAL_Driver/Src/stm32f1xx_hal_uart.o
                0x0000000008002860                HAL_UART_Transmit
 .text.HAL_UART_Receive
                0x0000000008002966      0x124 ./Drivers/STM32F1xx_HAL_Driver/Src/stm32f1xx_hal_uart.o
                0x0000000008002966                HAL_UART_Receive
 .text.UART_WaitOnFlagUntilTimeout
                0x0000000008002a8a       0xdc ./Drivers/STM32F1xx_HAL_Driver/Src/stm32f1xx_hal_uart.o
 *fill*         0x0000000008002b66        0x2 
 .text.UART_SetConfig
                0x0000000008002b68      0x11c ./Drivers/STM32F1xx_HAL_Driver/Src/stm32f1xx_hal_uart.o
 .text.memset   0x0000000008002c84       0x10 C:/ST/STM32CubeIDE_1.10.1/STM32CubeIDE/plugins/com.st.stm32cube.ide.mcu.externaltools.gnu-tools-for-stm32.11.3.rel1.win32_1.1.0.202305231506/tools/bin/../lib/gcc/arm-none-eabi/11.3.1/../../../../arm-none-eabi/lib/thumb/v7-m/nofp\libc_nano.a(libc_a-memset.o)
                0x0000000008002c84                memset
 .text.__libc_init_array
                0x0000000008002c94       0x48 C:/ST/STM32CubeIDE_1.10.1/STM32CubeIDE/plugins/com.st.stm32cube.ide.mcu.externaltools.gnu-tools-for-stm32.11.3.rel1.win32_1.1.0.202305231506/tools/bin/../lib/gcc/arm-none-eabi/11.3.1/../../../../arm-none-eabi/lib/thumb/v7-m/nofp\libc_nano.a(libc_a-init.o)
                0x0000000008002c94                __libc_init_array
 *(.glue_7)
 .glue_7        0x0000000008002cdc        0x0 linker stubs
 *(.glue_7t)
 .glue_7t       0x0000000008002cdc        0x0 linker stubs
 *(.eh_frame)
 .eh_frame      0x0000000008002cdc        0x0 C:/ST/STM32CubeIDE_1.10.1/STM32CubeIDE/plugins/com.st.stm32cube.ide.mcu.externaltools.gnu-tools-for-stm32.11.3.rel1.win32_1.1.0.202305231506/tools/bin/../lib/gcc/arm-none-eabi/11.3.1/thumb/v7-m/nofp/crtbegin.o
 *(.init)
 .init          0x0000000008002cdc        0x4 C:/ST/STM32CubeIDE_1.10.1/STM32CubeIDE/plugins/com.st.stm32cube.ide.mcu.externaltools.gnu-tools-for-stm32.11.3.rel1.win32_1.1.0.202305231506/tools/bin/../lib/gcc/arm-none-eabi/11.3.1/thumb/v7-m/nofp/crti.o
                0x0000000008002cdc                _init
 .init          0x0000000008002ce0        0x8 C:/ST/STM32CubeIDE_1.10.1/STM32CubeIDE/plugins/com.st.stm32cube.ide.mcu.externaltools.gnu-tools-for-stm32.11.3.rel1.win32_1.1.0.202305231506/tools/bin/../lib/gcc/arm-none-eabi/11.3.1/thumb/v7-m/nofp/crtn.o
 *(.fini)
 .fini          0x0000000008002ce8        0x4 C:/ST/STM32CubeIDE_1.10.1/STM32CubeIDE/plugins/com.st.stm32cube.ide.mcu.externaltools.gnu-tools-for-stm32.11.3.rel1.win32_1.1.0.202305231506/tools/bin/../lib/gcc/arm-none-eabi/11.3.1/thumb/v7-m/nofp/crti.o
                0x0000000008002ce8                _fini
 .fini          0x0000000008002cec        0x8 C:/ST/STM32CubeIDE_1.10.1/STM32CubeIDE/plugins/com.st.stm32cube.ide.mcu.externaltools.gnu-tools-for-stm32.11.3.rel1.win32_1.1.0.202305231506/tools/bin/../lib/gcc/arm-none-eabi/11.3.1/thumb/v7-m/nofp/crtn.o
                0x0000000008002cf4                . = ALIGN (0x4)
                0x0000000008002cf4                _etext = .

.vfp11_veneer   0x0000000008002cf4        0x0
 .vfp11_veneer  0x0000000008002cf4        0x0 linker stubs

.v4_bx          0x0000000008002cf4        0x0
 .v4_bx         0x0000000008002cf4        0x0 linker stubs

.iplt           0x0000000008002cf4        0x0
 .iplt          0x0000000008002cf4        0x0 C:/ST/STM32CubeIDE_1.10.1/STM32CubeIDE/plugins/com.st.stm32cube.ide.mcu.externaltools.gnu-tools-for-stm32.11.3.rel1.win32_1.1.0.202305231506/tools/bin/../lib/gcc/arm-none-eabi/11.3.1/thumb/v7-m/nofp/crtbegin.o

.rodata         0x0000000008002cf4       0x2c
                0x0000000008002cf4                . = ALIGN (0x4)
 *(.rodata)
 *(.rodata*)
 .rodata.AHBPrescTable
                0x0000000008002cf4       0x10 ./Core/Src/system_stm32f1xx.o
                0x0000000008002cf4                AHBPrescTable
 .rodata.APBPrescTable
                0x0000000008002d04        0x8 ./Core/Src/system_stm32f1xx.o
                0x0000000008002d04                APBPrescTable
 .rodata.aPLLMULFactorTable.1
                0x0000000008002d0c       0x10 ./Drivers/STM32F1xx_HAL_Driver/Src/stm32f1xx_hal_rcc.o
 .rodata.aPredivFactorTable.0
                0x0000000008002d1c        0x2 ./Drivers/STM32F1xx_HAL_Driver/Src/stm32f1xx_hal_rcc.o
                0x0000000008002d20                . = ALIGN (0x4)
 *fill*         0x0000000008002d1e        0x2 

.rel.dyn        0x0000000008002d20        0x0
 .rel.iplt      0x0000000008002d20        0x0 C:/ST/STM32CubeIDE_1.10.1/STM32CubeIDE/plugins/com.st.stm32cube.ide.mcu.externaltools.gnu-tools-for-stm32.11.3.rel1.win32_1.1.0.202305231506/tools/bin/../lib/gcc/arm-none-eabi/11.3.1/thumb/v7-m/nofp/crtbegin.o

.ARM.extab      0x0000000008002d20        0x0
                0x0000000008002d20                . = ALIGN (0x4)
 *(.ARM.extab* .gnu.linkonce.armextab.*)
                0x0000000008002d20                . = ALIGN (0x4)

.ARM            0x0000000008002d20        0x0
                0x0000000008002d20                . = ALIGN (0x4)
                0x0000000008002d20                __exidx_start = .
 *(.ARM.exidx*)
                0x0000000008002d20                __exidx_end = .
                0x0000000008002d20                . = ALIGN (0x4)

.preinit_array  0x0000000008002d20        0x0
                0x0000000008002d20                . = ALIGN (0x4)
                0x0000000008002d20                PROVIDE (__preinit_array_start = .)
 *(.preinit_array*)
                0x0000000008002d20                PROVIDE (__preinit_array_end = .)
                0x0000000008002d20                . = ALIGN (0x4)

.init_array     0x0000000008002d20        0x4
                0x0000000008002d20                . = ALIGN (0x4)
                0x0000000008002d20                PROVIDE (__init_array_start = .)
 *(SORT_BY_NAME(.init_array.*))
 *(.init_array*)
 .init_array    0x0000000008002d20        0x4 C:/ST/STM32CubeIDE_1.10.1/STM32CubeIDE/plugins/com.st.stm32cube.ide.mcu.externaltools.gnu-tools-for-stm32.11.3.rel1.win32_1.1.0.202305231506/tools/bin/../lib/gcc/arm-none-eabi/11.3.1/thumb/v7-m/nofp/crtbegin.o
                0x0000000008002d24                PROVIDE (__init_array_end = .)
                0x0000000008002d24                . = ALIGN (0x4)

.fini_array     0x0000000008002d24        0x4
                0x0000000008002d24                . = ALIGN (0x4)
                [!provide]                        PROVIDE (__fini_array_start = .)
 *(SORT_BY_NAME(.fini_array.*))
 *(.fini_array*)
 .fini_array    0x0000000008002d24        0x4 C:/ST/STM32CubeIDE_1.10.1/STM32CubeIDE/plugins/com.st.stm32cube.ide.mcu.externaltools.gnu-tools-for-stm32.11.3.rel1.win32_1.1.0.202305231506/tools/bin/../lib/gcc/arm-none-eabi/11.3.1/thumb/v7-m/nofp/crtbegin.o
                [!provide]                        PROVIDE (__fini_array_end = .)
                0x0000000008002d28                . = ALIGN (0x4)
                0x0000000008002d28                _sidata = LOADADDR (.data)

.data           0x0000000020000000       0x34 load address 0x0000000008002d28
                0x0000000020000000                . = ALIGN (0x4)
                0x0000000020000000                _sdata = .
 *(.data)
 *(.data*)
 .data.ErrorFrame
                0x0000000020000000        0x1 ./Core/Src/Bootloader.o
 *fill*         0x0000000020000001        0x3 
 .data.Bootloader_Functions
                0x0000000020000004       0x1c ./Core/Src/Bootloader.o
 .data.FLAG_APP_ON
                0x0000000020000020        0x4 ./Core/Src/Bootloader.o
 .data.FLAG_APP_OFF
                0x0000000020000024        0x4 ./Core/Src/Bootloader.o
 .data.SystemCoreClock
                0x0000000020000028        0x4 ./Core/Src/system_stm32f1xx.o
                0x0000000020000028                SystemCoreClock
 .data.uwTickPrio
                0x000000002000002c        0x4 ./Drivers/STM32F1xx_HAL_Driver/Src/stm32f1xx_hal.o
                0x000000002000002c                uwTickPrio
 .data.uwTickFreq
                0x0000000020000030        0x1 ./Drivers/STM32F1xx_HAL_Driver/Src/stm32f1xx_hal.o
                0x0000000020000030                uwTickFreq
 *(.RamFunc)
 *(.RamFunc*)
                0x0000000020000034                . = ALIGN (0x4)
 *fill*         0x0000000020000031        0x3 
                0x0000000020000034                _edata = .

.igot.plt       0x0000000020000034        0x0 load address 0x0000000008002d5c
 .igot.plt      0x0000000020000034        0x0 C:/ST/STM32CubeIDE_1.10.1/STM32CubeIDE/plugins/com.st.stm32cube.ide.mcu.externaltools.gnu-tools-for-stm32.11.3.rel1.win32_1.1.0.202305231506/tools/bin/../lib/gcc/arm-none-eabi/11.3.1/thumb/v7-m/nofp/crtbegin.o

.APPLICATION1_SECTION
                0x000000000800f000        0x4
 *(.APPLICATION1_SECTION)
 .APPLICATION1_SECTION
                0x000000000800f000        0x4 ./Core/Src/Bootloader.o
                0x000000000800f000                APP1_Flag

.APPLICATION2_SECTION
                0x000000000800f004        0x4
 *(.APPLICATION2_SECTION)
 .APPLICATION2_SECTION
                0x000000000800f004        0x4 ./Core/Src/Bootloader.o
                0x000000000800f004                APP2_Flag
                0x000000000800f008                . = ALIGN (0x4)

.bss            0x0000000020000038      0x1b8
                0x0000000020000038                _sbss = .
                0x0000000020000038                __bss_start__ = _sbss
 *(.bss)
 .bss           0x0000000020000038       0x1c C:/ST/STM32CubeIDE_1.10.1/STM32CubeIDE/plugins/com.st.stm32cube.ide.mcu.externaltools.gnu-tools-for-stm32.11.3.rel1.win32_1.1.0.202305231506/tools/bin/../lib/gcc/arm-none-eabi/11.3.1/thumb/v7-m/nofp/crtbegin.o
 *(.bss*)
 .bss.BL_HostBuffer
                0x0000000020000054       0xc8 ./Core/Src/Bootloader.o
 .bss.pOBInit   0x000000002000011c       0x1c ./Core/Src/Bootloader.o
                0x000000002000011c                pOBInit
 .bss.huart1    0x0000000020000138       0x48 ./Core/Src/usart.o
                0x0000000020000138                huart1
 .bss.huart2    0x0000000020000180       0x48 ./Core/Src/usart.o
                0x0000000020000180                huart2
 .bss.uwTick    0x00000000200001c8        0x4 ./Drivers/STM32F1xx_HAL_Driver/Src/stm32f1xx_hal.o
                0x00000000200001c8                uwTick
 *fill*         0x00000000200001cc        0x4 
 .bss.pFlash    0x00000000200001d0       0x20 ./Drivers/STM32F1xx_HAL_Driver/Src/stm32f1xx_hal_flash.o
                0x00000000200001d0                pFlash
 *(COMMON)
                0x00000000200001f0                . = ALIGN (0x4)
                0x00000000200001f0                _ebss = .
                0x00000000200001f0                __bss_end__ = _ebss

._user_heap_stack
                0x00000000200001f0      0x600
                0x00000000200001f0                . = ALIGN (0x8)
                [!provide]                        PROVIDE (end = .)
                0x00000000200001f0                PROVIDE (_end = .)
                0x00000000200003f0                . = (. + _Min_Heap_Size)
 *fill*         0x00000000200001f0      0x200 
                0x00000000200007f0                . = (. + _Min_Stack_Size)
 *fill*         0x00000000200003f0      0x400 
                0x00000000200007f0                . = ALIGN (0x8)

/DISCARD/
 libc.a(*)
 libm.a(*)
 libgcc.a(*)

.ARM.attributes
                0x0000000000000000       0x29
 *(.ARM.attributes)
 .ARM.attributes
                0x0000000000000000       0x1d C:/ST/STM32CubeIDE_1.10.1/STM32CubeIDE/plugins/com.st.stm32cube.ide.mcu.externaltools.gnu-tools-for-stm32.11.3.rel1.win32_1.1.0.202305231506/tools/bin/../lib/gcc/arm-none-eabi/11.3.1/thumb/v7-m/nofp/crti.o
 .ARM.attributes
                0x000000000000001d       0x2d C:/ST/STM32CubeIDE_1.10.1/STM32CubeIDE/plugins/com.st.stm32cube.ide.mcu.externaltools.gnu-tools-for-stm32.11.3.rel1.win32_1.1.0.202305231506/tools/bin/../lib/gcc/arm-none-eabi/11.3.1/thumb/v7-m/nofp/crtbegin.o
 .ARM.attributes
                0x000000000000004a       0x2d ./Core/Src/Bootloader.o
 .ARM.attributes
                0x0000000000000077       0x2d ./Core/Src/gpio.o
 .ARM.attributes
                0x00000000000000a4       0x2d ./Core/Src/main.o
 .ARM.attributes
                0x00000000000000d1       0x2d ./Core/Src/stm32f1xx_hal_msp.o
 .ARM.attributes
                0x00000000000000fe       0x2d ./Core/Src/stm32f1xx_it.o
 .ARM.attributes
                0x000000000000012b       0x2d ./Core/Src/system_stm32f1xx.o
 .ARM.attributes
                0x0000000000000158       0x2d ./Core/Src/usart.o
 .ARM.attributes
                0x0000000000000185       0x21 ./Core/Startup/startup_stm32f103c8tx.o
 .ARM.attributes
                0x00000000000001a6       0x2d ./Drivers/STM32F1xx_HAL_Driver/Src/stm32f1xx_hal.o
 .ARM.attributes
                0x00000000000001d3       0x2d ./Drivers/STM32F1xx_HAL_Driver/Src/stm32f1xx_hal_cortex.o
 .ARM.attributes
                0x0000000000000200       0x2d ./Drivers/STM32F1xx_HAL_Driver/Src/stm32f1xx_hal_flash.o
 .ARM.attributes
                0x000000000000022d       0x2d ./Drivers/STM32F1xx_HAL_Driver/Src/stm32f1xx_hal_flash_ex.o
 .ARM.attributes
                0x000000000000025a       0x2d ./Drivers/STM32F1xx_HAL_Driver/Src/stm32f1xx_hal_gpio.o
 .ARM.attributes
                0x0000000000000287       0x2d ./Drivers/STM32F1xx_HAL_Driver/Src/stm32f1xx_hal_rcc.o
 .ARM.attributes
                0x00000000000002b4       0x2d ./Drivers/STM32F1xx_HAL_Driver/Src/stm32f1xx_hal_uart.o
 .ARM.attributes
                0x00000000000002e1       0x2d C:/ST/STM32CubeIDE_1.10.1/STM32CubeIDE/plugins/com.st.stm32cube.ide.mcu.externaltools.gnu-tools-for-stm32.11.3.rel1.win32_1.1.0.202305231506/tools/bin/../lib/gcc/arm-none-eabi/11.3.1/../../../../arm-none-eabi/lib/thumb/v7-m/nofp\libc_nano.a(libc_a-memset.o)
 .ARM.attributes
                0x000000000000030e       0x2d C:/ST/STM32CubeIDE_1.10.1/STM32CubeIDE/plugins/com.st.stm32cube.ide.mcu.externaltools.gnu-tools-for-stm32.11.3.rel1.win32_1.1.0.202305231506/tools/bin/../lib/gcc/arm-none-eabi/11.3.1/../../../../arm-none-eabi/lib/thumb/v7-m/nofp\libc_nano.a(libc_a-init.o)
 .ARM.attributes
                0x000000000000033b       0x1d C:/ST/STM32CubeIDE_1.10.1/STM32CubeIDE/plugins/com.st.stm32cube.ide.mcu.externaltools.gnu-tools-for-stm32.11.3.rel1.win32_1.1.0.202305231506/tools/bin/../lib/gcc/arm-none-eabi/11.3.1/thumb/v7-m/nofp/crtn.o
OUTPUT(Bootloader.elf elf32-littlearm)
LOAD linker stubs
LOAD C:/ST/STM32CubeIDE_1.10.1/STM32CubeIDE/plugins/com.st.stm32cube.ide.mcu.externaltools.gnu-tools-for-stm32.11.3.rel1.win32_1.1.0.202305231506/tools/bin/../lib/gcc/arm-none-eabi/11.3.1/../../../../arm-none-eabi/lib/thumb/v7-m/nofp\libc.a
LOAD C:/ST/STM32CubeIDE_1.10.1/STM32CubeIDE/plugins/com.st.stm32cube.ide.mcu.externaltools.gnu-tools-for-stm32.11.3.rel1.win32_1.1.0.202305231506/tools/bin/../lib/gcc/arm-none-eabi/11.3.1/../../../../arm-none-eabi/lib/thumb/v7-m/nofp\libm.a
LOAD C:/ST/STM32CubeIDE_1.10.1/STM32CubeIDE/plugins/com.st.stm32cube.ide.mcu.externaltools.gnu-tools-for-stm32.11.3.rel1.win32_1.1.0.202305231506/tools/bin/../lib/gcc/arm-none-eabi/11.3.1/thumb/v7-m/nofp\libgcc.a

.comment        0x0000000000000000       0x43
 .comment       0x0000000000000000       0x43 C:/ST/STM32CubeIDE_1.10.1/STM32CubeIDE/plugins/com.st.stm32cube.ide.mcu.externaltools.gnu-tools-for-stm32.11.3.rel1.win32_1.1.0.202305231506/tools/bin/../lib/gcc/arm-none-eabi/11.3.1/thumb/v7-m/nofp/crtbegin.o
                                         0x44 (size before relaxing)
 .comment       0x0000000000000043       0x44 ./Core/Src/Bootloader.o
 .comment       0x0000000000000043       0x44 ./Core/Src/gpio.o
 .comment       0x0000000000000043       0x44 ./Core/Src/main.o
 .comment       0x0000000000000043       0x44 ./Core/Src/stm32f1xx_hal_msp.o
 .comment       0x0000000000000043       0x44 ./Core/Src/stm32f1xx_it.o
 .comment       0x0000000000000043       0x44 ./Core/Src/system_stm32f1xx.o
 .comment       0x0000000000000043       0x44 ./Core/Src/usart.o
 .comment       0x0000000000000043       0x44 ./Drivers/STM32F1xx_HAL_Driver/Src/stm32f1xx_hal.o
 .comment       0x0000000000000043       0x44 ./Drivers/STM32F1xx_HAL_Driver/Src/stm32f1xx_hal_cortex.o
 .comment       0x0000000000000043       0x44 ./Drivers/STM32F1xx_HAL_Driver/Src/stm32f1xx_hal_flash.o
 .comment       0x0000000000000043       0x44 ./Drivers/STM32F1xx_HAL_Driver/Src/stm32f1xx_hal_flash_ex.o
 .comment       0x0000000000000043       0x44 ./Drivers/STM32F1xx_HAL_Driver/Src/stm32f1xx_hal_gpio.o
 .comment       0x0000000000000043       0x44 ./Drivers/STM32F1xx_HAL_Driver/Src/stm32f1xx_hal_rcc.o
 .comment       0x0000000000000043       0x44 ./Drivers/STM32F1xx_HAL_Driver/Src/stm32f1xx_hal_uart.o

.debug_info     0x0000000000000000     0x7c4f
 .debug_info    0x0000000000000000     0x1046 ./Core/Src/Bootloader.o
 .debug_info    0x0000000000001046      0x169 ./Core/Src/gpio.o
 .debug_info    0x00000000000011af      0x2cd ./Core/Src/main.o
 .debug_info    0x000000000000147c      0x169 ./Core/Src/stm32f1xx_hal_msp.o
 .debug_info    0x00000000000015e5      0x113 ./Core/Src/stm32f1xx_it.o
 .debug_info    0x00000000000016f8      0x222 ./Core/Src/system_stm32f1xx.o
 .debug_info    0x000000000000191a      0x7f0 ./Core/Src/usart.o
 .debug_info    0x000000000000210a       0x23 ./Core/Startup/startup_stm32f103c8tx.o
 .debug_info    0x000000000000212d      0x704 ./Drivers/STM32F1xx_HAL_Driver/Src/stm32f1xx_hal.o
 .debug_info    0x0000000000002831      0xa87 ./Drivers/STM32F1xx_HAL_Driver/Src/stm32f1xx_hal_cortex.o
 .debug_info    0x00000000000032b8      0x4f8 ./Drivers/STM32F1xx_HAL_Driver/Src/stm32f1xx_hal_flash.o
 .debug_info    0x00000000000037b0      0x777 ./Drivers/STM32F1xx_HAL_Driver/Src/stm32f1xx_hal_flash_ex.o
 .debug_info    0x0000000000003f27      0x5ab ./Drivers/STM32F1xx_HAL_Driver/Src/stm32f1xx_hal_gpio.o
 .debug_info    0x00000000000044d2      0x7d5 ./Drivers/STM32F1xx_HAL_Driver/Src/stm32f1xx_hal_rcc.o
 .debug_info    0x0000000000004ca7     0x2fa8 ./Drivers/STM32F1xx_HAL_Driver/Src/stm32f1xx_hal_uart.o

.debug_abbrev   0x0000000000000000     0x1b15
 .debug_abbrev  0x0000000000000000      0x34b ./Core/Src/Bootloader.o
 .debug_abbrev  0x000000000000034b       0xc6 ./Core/Src/gpio.o
 .debug_abbrev  0x0000000000000411      0x189 ./Core/Src/main.o
 .debug_abbrev  0x000000000000059a       0xc6 ./Core/Src/stm32f1xx_hal_msp.o
 .debug_abbrev  0x0000000000000660       0x73 ./Core/Src/stm32f1xx_it.o
 .debug_abbrev  0x00000000000006d3      0x13f ./Core/Src/system_stm32f1xx.o
 .debug_abbrev  0x0000000000000812      0x1ec ./Core/Src/usart.o
 .debug_abbrev  0x00000000000009fe       0x12 ./Core/Startup/startup_stm32f103c8tx.o
 .debug_abbrev  0x0000000000000a10      0x201 ./Drivers/STM32F1xx_HAL_Driver/Src/stm32f1xx_hal.o
 .debug_abbrev  0x0000000000000c11      0x2f8 ./Drivers/STM32F1xx_HAL_Driver/Src/stm32f1xx_hal_cortex.o
 .debug_abbrev  0x0000000000000f09      0x250 ./Drivers/STM32F1xx_HAL_Driver/Src/stm32f1xx_hal_flash.o
 .debug_abbrev  0x0000000000001159      0x247 ./Drivers/STM32F1xx_HAL_Driver/Src/stm32f1xx_hal_flash_ex.o
 .debug_abbrev  0x00000000000013a0      0x1ca ./Drivers/STM32F1xx_HAL_Driver/Src/stm32f1xx_hal_gpio.o
 .debug_abbrev  0x000000000000156a      0x2b3 ./Drivers/STM32F1xx_HAL_Driver/Src/stm32f1xx_hal_rcc.o
 .debug_abbrev  0x000000000000181d      0x2f8 ./Drivers/STM32F1xx_HAL_Driver/Src/stm32f1xx_hal_uart.o

.debug_aranges  0x0000000000000000      0x808
 .debug_aranges
                0x0000000000000000       0xc0 ./Core/Src/Bootloader.o
 .debug_aranges
                0x00000000000000c0       0x20 ./Core/Src/gpio.o
 .debug_aranges
                0x00000000000000e0       0x30 ./Core/Src/main.o
 .debug_aranges
                0x0000000000000110       0x20 ./Core/Src/stm32f1xx_hal_msp.o
 .debug_aranges
                0x0000000000000130       0x60 ./Core/Src/stm32f1xx_it.o
 .debug_aranges
                0x0000000000000190       0x28 ./Core/Src/system_stm32f1xx.o
 .debug_aranges
                0x00000000000001b8       0x38 ./Core/Src/usart.o
 .debug_aranges
                0x00000000000001f0       0x28 ./Core/Startup/startup_stm32f103c8tx.o
 .debug_aranges
                0x0000000000000218       0xe0 ./Drivers/STM32F1xx_HAL_Driver/Src/stm32f1xx_hal.o
 .debug_aranges
                0x00000000000002f8      0x100 ./Drivers/STM32F1xx_HAL_Driver/Src/stm32f1xx_hal_cortex.o
 .debug_aranges
                0x00000000000003f8       0x88 ./Drivers/STM32F1xx_HAL_Driver/Src/stm32f1xx_hal_flash.o
 .debug_aranges
                0x0000000000000480       0x98 ./Drivers/STM32F1xx_HAL_Driver/Src/stm32f1xx_hal_flash_ex.o
 .debug_aranges
                0x0000000000000518       0x58 ./Drivers/STM32F1xx_HAL_Driver/Src/stm32f1xx_hal_gpio.o
 .debug_aranges
                0x0000000000000570       0x90 ./Drivers/STM32F1xx_HAL_Driver/Src/stm32f1xx_hal_rcc.o
 .debug_aranges
                0x0000000000000600      0x208 ./Drivers/STM32F1xx_HAL_Driver/Src/stm32f1xx_hal_uart.o

.debug_rnglists
                0x0000000000000000      0x615
 .debug_rnglists
                0x0000000000000000       0x95 ./Core/Src/Bootloader.o
 .debug_rnglists
                0x0000000000000095       0x13 ./Core/Src/gpio.o
 .debug_rnglists
                0x00000000000000a8       0x1f ./Core/Src/main.o
 .debug_rnglists
                0x00000000000000c7       0x13 ./Core/Src/stm32f1xx_hal_msp.o
 .debug_rnglists
                0x00000000000000da       0x43 ./Core/Src/stm32f1xx_it.o
 .debug_rnglists
                0x000000000000011d       0x1a ./Core/Src/system_stm32f1xx.o
 .debug_rnglists
                0x0000000000000137       0x26 ./Core/Src/usart.o
 .debug_rnglists
                0x000000000000015d       0x19 ./Core/Startup/startup_stm32f103c8tx.o
 .debug_rnglists
                0x0000000000000176       0xa3 ./Drivers/STM32F1xx_HAL_Driver/Src/stm32f1xx_hal.o
 .debug_rnglists
                0x0000000000000219       0xbb ./Drivers/STM32F1xx_HAL_Driver/Src/stm32f1xx_hal_cortex.o
 .debug_rnglists
                0x00000000000002d4       0x66 ./Drivers/STM32F1xx_HAL_Driver/Src/stm32f1xx_hal_flash.o
 .debug_rnglists
                0x000000000000033a       0x74 ./Drivers/STM32F1xx_HAL_Driver/Src/stm32f1xx_hal_flash_ex.o
 .debug_rnglists
                0x00000000000003ae       0x3f ./Drivers/STM32F1xx_HAL_Driver/Src/stm32f1xx_hal_gpio.o
 .debug_rnglists
                0x00000000000003ed       0x6c ./Drivers/STM32F1xx_HAL_Driver/Src/stm32f1xx_hal_rcc.o
 .debug_rnglists
                0x0000000000000459      0x1bc ./Drivers/STM32F1xx_HAL_Driver/Src/stm32f1xx_hal_uart.o

.debug_macro    0x0000000000000000    0x17594
 .debug_macro   0x0000000000000000      0x2c5 ./Core/Src/Bootloader.o
 .debug_macro   0x00000000000002c5      0xa9c ./Core/Src/Bootloader.o
 .debug_macro   0x0000000000000d61       0x22 ./Core/Src/Bootloader.o
 .debug_macro   0x0000000000000d83       0x5b ./Core/Src/Bootloader.o
 .debug_macro   0x0000000000000dde       0x24 ./Core/Src/Bootloader.o
 .debug_macro   0x0000000000000e02       0x94 ./Core/Src/Bootloader.o
 .debug_macro   0x0000000000000e96       0x43 ./Core/Src/Bootloader.o
 .debug_macro   0x0000000000000ed9       0x34 ./Core/Src/Bootloader.o
 .debug_macro   0x0000000000000f0d       0x16 ./Core/Src/Bootloader.o
 .debug_macro   0x0000000000000f23       0x57 ./Core/Src/Bootloader.o
 .debug_macro   0x0000000000000f7a       0x97 ./Core/Src/Bootloader.o
 .debug_macro   0x0000000000001011      0x369 ./Core/Src/Bootloader.o
 .debug_macro   0x000000000000137a       0xfd ./Core/Src/Bootloader.o
 .debug_macro   0x0000000000001477       0x10 ./Core/Src/Bootloader.o
 .debug_macro   0x0000000000001487       0x16 ./Core/Src/Bootloader.o
 .debug_macro   0x000000000000149d       0x43 ./Core/Src/Bootloader.o
 .debug_macro   0x00000000000014e0       0x34 ./Core/Src/Bootloader.o
 .debug_macro   0x0000000000001514       0x10 ./Core/Src/Bootloader.o
 .debug_macro   0x0000000000001524       0x58 ./Core/Src/Bootloader.o
 .debug_macro   0x000000000000157c       0x8e ./Core/Src/Bootloader.o
 .debug_macro   0x000000000000160a       0x1c ./Core/Src/Bootloader.o
 .debug_macro   0x0000000000001626      0x177 ./Core/Src/Bootloader.o
 .debug_macro   0x000000000000179d       0x16 ./Core/Src/Bootloader.o
 .debug_macro   0x00000000000017b3       0x16 ./Core/Src/Bootloader.o
 .debug_macro   0x00000000000017c9      0x147 ./Core/Src/Bootloader.o
 .debug_macro   0x0000000000001910       0x16 ./Core/Src/Bootloader.o
 .debug_macro   0x0000000000001926       0x35 ./Core/Src/Bootloader.o
 .debug_macro   0x000000000000195b       0x20 ./Core/Src/Bootloader.o
 .debug_macro   0x000000000000197b       0x4c ./Core/Src/Bootloader.o
 .debug_macro   0x00000000000019c7      0x215 ./Core/Src/Bootloader.o
 .debug_macro   0x0000000000001bdc       0x2e ./Core/Src/Bootloader.o
 .debug_macro   0x0000000000001c0a       0x22 ./Core/Src/Bootloader.o
 .debug_macro   0x0000000000001c2c      0x103 ./Core/Src/Bootloader.o
 .debug_macro   0x0000000000001d2f       0x6a ./Core/Src/Bootloader.o
 .debug_macro   0x0000000000001d99      0x1df ./Core/Src/Bootloader.o
 .debug_macro   0x0000000000001f78       0x1c ./Core/Src/Bootloader.o
 .debug_macro   0x0000000000001f94       0x22 ./Core/Src/Bootloader.o
 .debug_macro   0x0000000000001fb6       0xbd ./Core/Src/Bootloader.o
 .debug_macro   0x0000000000002073      0xd23 ./Core/Src/Bootloader.o
 .debug_macro   0x0000000000002d96     0xe09e ./Core/Src/Bootloader.o
 .debug_macro   0x0000000000010e34       0x6d ./Core/Src/Bootloader.o
 .debug_macro   0x0000000000010ea1     0x348d ./Core/Src/Bootloader.o
 .debug_macro   0x000000000001432e       0x56 ./Core/Src/Bootloader.o
 .debug_macro   0x0000000000014384      0x5bc ./Core/Src/Bootloader.o
 .debug_macro   0x0000000000014940      0x289 ./Core/Src/Bootloader.o
 .debug_macro   0x0000000000014bc9      0x1cb ./Core/Src/Bootloader.o
 .debug_macro   0x0000000000014d94      0x114 ./Core/Src/Bootloader.o
 .debug_macro   0x0000000000014ea8      0x1b2 ./Core/Src/Bootloader.o
 .debug_macro   0x000000000001505a       0x27 ./Core/Src/Bootloader.o
 .debug_macro   0x0000000000015081      0x136 ./Core/Src/Bootloader.o
 .debug_macro   0x00000000000151b7      0x1bc ./Core/Src/Bootloader.o
 .debug_macro   0x0000000000015373       0x34 ./Core/Src/Bootloader.o
 .debug_macro   0x00000000000153a7       0x3c ./Core/Src/Bootloader.o
 .debug_macro   0x00000000000153e3       0x57 ./Core/Src/Bootloader.o
 .debug_macro   0x000000000001543a       0x87 ./Core/Src/Bootloader.o
 .debug_macro   0x00000000000154c1      0x240 ./Core/Src/Bootloader.o
 .debug_macro   0x0000000000015701      0x140 ./Core/Src/Bootloader.o
 .debug_macro   0x0000000000015841      0x28e ./Core/Src/Bootloader.o
 .debug_macro   0x0000000000015acf       0x83 ./Core/Src/Bootloader.o
 .debug_macro   0x0000000000015b52       0x28 ./Core/Src/Bootloader.o
 .debug_macro   0x0000000000015b7a       0x94 ./Core/Src/Bootloader.o
 .debug_macro   0x0000000000015c0e      0x1a2 ./Core/Src/gpio.o
 .debug_macro   0x0000000000015db0       0x8e ./Core/Src/gpio.o
 .debug_macro   0x0000000000015e3e       0x51 ./Core/Src/gpio.o
 .debug_macro   0x0000000000015e8f      0x174 ./Core/Src/gpio.o
 .debug_macro   0x0000000000016003       0x5c ./Core/Src/gpio.o
 .debug_macro   0x000000000001605f      0x2d4 ./Core/Src/main.o
 .debug_macro   0x0000000000016333       0x61 ./Core/Src/main.o
 .debug_macro   0x0000000000016394      0x198 ./Core/Src/stm32f1xx_hal_msp.o
 .debug_macro   0x000000000001652c      0x1a2 ./Core/Src/stm32f1xx_it.o
 .debug_macro   0x00000000000166ce      0x18e ./Core/Src/system_stm32f1xx.o
 .debug_macro   0x000000000001685c      0x1a2 ./Core/Src/usart.o
 .debug_macro   0x00000000000169fe      0x1b2 ./Drivers/STM32F1xx_HAL_Driver/Src/stm32f1xx_hal.o
 .debug_macro   0x0000000000016bb0      0x18e ./Drivers/STM32F1xx_HAL_Driver/Src/stm32f1xx_hal_cortex.o
 .debug_macro   0x0000000000016d3e      0x18e ./Drivers/STM32F1xx_HAL_Driver/Src/stm32f1xx_hal_flash.o
 .debug_macro   0x0000000000016ecc      0x1a0 ./Drivers/STM32F1xx_HAL_Driver/Src/stm32f1xx_hal_flash_ex.o
 .debug_macro   0x000000000001706c      0x1f9 ./Drivers/STM32F1xx_HAL_Driver/Src/stm32f1xx_hal_gpio.o
 .debug_macro   0x0000000000017265      0x1a0 ./Drivers/STM32F1xx_HAL_Driver/Src/stm32f1xx_hal_rcc.o
 .debug_macro   0x0000000000017405      0x18f ./Drivers/STM32F1xx_HAL_Driver/Src/stm32f1xx_hal_uart.o

.debug_line     0x0000000000000000     0xa5cd
 .debug_line    0x0000000000000000      0xddc ./Core/Src/Bootloader.o
 .debug_line    0x0000000000000ddc      0x6c8 ./Core/Src/gpio.o
 .debug_line    0x00000000000014a4      0x8d4 ./Core/Src/main.o
 .debug_line    0x0000000000001d78      0x6cc ./Core/Src/stm32f1xx_hal_msp.o
 .debug_line    0x0000000000002444      0x78e ./Core/Src/stm32f1xx_it.o
 .debug_line    0x0000000000002bd2      0x74a ./Core/Src/system_stm32f1xx.o
 .debug_line    0x000000000000331c      0x7ab ./Core/Src/usart.o
 .debug_line    0x0000000000003ac7       0x78 ./Core/Startup/startup_stm32f103c8tx.o
 .debug_line    0x0000000000003b3f      0x977 ./Drivers/STM32F1xx_HAL_Driver/Src/stm32f1xx_hal.o
 .debug_line    0x00000000000044b6      0xb5f ./Drivers/STM32F1xx_HAL_Driver/Src/stm32f1xx_hal_cortex.o
 .debug_line    0x0000000000005015      0xa54 ./Drivers/STM32F1xx_HAL_Driver/Src/stm32f1xx_hal_flash.o
 .debug_line    0x0000000000005a69      0xb2f ./Drivers/STM32F1xx_HAL_Driver/Src/stm32f1xx_hal_flash_ex.o
 .debug_line    0x0000000000006598      0xa10 ./Drivers/STM32F1xx_HAL_Driver/Src/stm32f1xx_hal_gpio.o
 .debug_line    0x0000000000006fa8      0xd80 ./Drivers/STM32F1xx_HAL_Driver/Src/stm32f1xx_hal_rcc.o
 .debug_line    0x0000000000007d28     0x28a5 ./Drivers/STM32F1xx_HAL_Driver/Src/stm32f1xx_hal_uart.o

.debug_str      0x0000000000000000    0x82a75
 .debug_str     0x0000000000000000    0x80d0c ./Core/Src/Bootloader.o
                                      0x8117b (size before relaxing)
 .debug_str     0x0000000000080d0c       0x72 ./Core/Src/gpio.o
                                      0x7c87b (size before relaxing)
 .debug_str     0x0000000000080d7e      0x1ae ./Core/Src/main.o
                                      0x803c6 (size before relaxing)
 .debug_str     0x0000000000080f2c       0x2c ./Core/Src/stm32f1xx_hal_msp.o
                                      0x7c87b (size before relaxing)
 .debug_str     0x0000000000080f58       0xc9 ./Core/Src/stm32f1xx_it.o
                                      0x7c8be (size before relaxing)
 .debug_str     0x0000000000081021       0x7e ./Core/Src/system_stm32f1xx.o
                                      0x7c8d4 (size before relaxing)
 .debug_str     0x000000000008109f       0xb2 ./Core/Src/usart.o
                                      0x7cd84 (size before relaxing)
 .debug_str     0x0000000000081151       0x34 ./Core/Startup/startup_stm32f103c8tx.o
                                         0x80 (size before relaxing)
 .debug_str     0x0000000000081185      0x611 ./Drivers/STM32F1xx_HAL_Driver/Src/stm32f1xx_hal.o
                                      0x7d007 (size before relaxing)
 .debug_str     0x0000000000081796      0x2b0 ./Drivers/STM32F1xx_HAL_Driver/Src/stm32f1xx_hal_cortex.o
                                      0x7cf53 (size before relaxing)
 .debug_str     0x0000000000081a46      0x21f ./Drivers/STM32F1xx_HAL_Driver/Src/stm32f1xx_hal_flash.o
                                      0x7cbaf (size before relaxing)
 .debug_str     0x0000000000081c65      0x269 ./Drivers/STM32F1xx_HAL_Driver/Src/stm32f1xx_hal_flash_ex.o
                                      0x7cd5d (size before relaxing)
 .debug_str     0x0000000000081ece      0x346 ./Drivers/STM32F1xx_HAL_Driver/Src/stm32f1xx_hal_gpio.o
                                      0x7cc5a (size before relaxing)
 .debug_str     0x0000000000082214      0x21a ./Drivers/STM32F1xx_HAL_Driver/Src/stm32f1xx_hal_rcc.o
                                      0x7cd03 (size before relaxing)
 .debug_str     0x000000000008242e      0x647 ./Drivers/STM32F1xx_HAL_Driver/Src/stm32f1xx_hal_uart.o
                                      0x7d374 (size before relaxing)

.debug_frame    0x0000000000000000     0x1e98
 .debug_frame   0x0000000000000000      0x320 ./Core/Src/Bootloader.o
 .debug_frame   0x0000000000000320       0x38 ./Core/Src/gpio.o
 .debug_frame   0x0000000000000358       0x68 ./Core/Src/main.o
 .debug_frame   0x00000000000003c0       0x38 ./Core/Src/stm32f1xx_hal_msp.o
 .debug_frame   0x00000000000003f8      0x104 ./Core/Src/stm32f1xx_it.o
 .debug_frame   0x00000000000004fc       0x58 ./Core/Src/system_stm32f1xx.o
 .debug_frame   0x0000000000000554       0x90 ./Core/Src/usart.o
 .debug_frame   0x00000000000005e4      0x334 ./Drivers/STM32F1xx_HAL_Driver/Src/stm32f1xx_hal.o
 .debug_frame   0x0000000000000918      0x428 ./Drivers/STM32F1xx_HAL_Driver/Src/stm32f1xx_hal_cortex.o
 .debug_frame   0x0000000000000d40      0x20c ./Drivers/STM32F1xx_HAL_Driver/Src/stm32f1xx_hal_flash.o
 .debug_frame   0x0000000000000f4c      0x258 ./Drivers/STM32F1xx_HAL_Driver/Src/stm32f1xx_hal_flash_ex.o
 .debug_frame   0x00000000000011a4      0x14c ./Drivers/STM32F1xx_HAL_Driver/Src/stm32f1xx_hal_gpio.o
 .debug_frame   0x00000000000012f0      0x218 ./Drivers/STM32F1xx_HAL_Driver/Src/stm32f1xx_hal_rcc.o
 .debug_frame   0x0000000000001508      0x944 ./Drivers/STM32F1xx_HAL_Driver/Src/stm32f1xx_hal_uart.o
 .debug_frame   0x0000000000001e4c       0x20 C:/ST/STM32CubeIDE_1.10.1/STM32CubeIDE/plugins/com.st.stm32cube.ide.mcu.externaltools.gnu-tools-for-stm32.11.3.rel1.win32_1.1.0.202305231506/tools/bin/../lib/gcc/arm-none-eabi/11.3.1/../../../../arm-none-eabi/lib/thumb/v7-m/nofp\libc_nano.a(libc_a-memset.o)
 .debug_frame   0x0000000000001e6c       0x2c C:/ST/STM32CubeIDE_1.10.1/STM32CubeIDE/plugins/com.st.stm32cube.ide.mcu.externaltools.gnu-tools-for-stm32.11.3.rel1.win32_1.1.0.202305231506/tools/bin/../lib/gcc/arm-none-eabi/11.3.1/../../../../arm-none-eabi/lib/thumb/v7-m/nofp\libc_nano.a(libc_a-init.o)

.debug_line_str
                0x0000000000000000       0x74
 .debug_line_str
                0x0000000000000000       0x74 ./Core/Startup/startup_stm32f103c8tx.o
                                         0x8c (size before relaxing)
