../Core/Src/Bootloader.c:71:11:BL_Fetch_Commend	16	static
../Core/Src/Bootloader.c:197:13:Bootloader_Send_Data_To_Host	16	static
../Core/Src/Bootloader.c:207:13:Bootloader_Get_Version	24	static
../Core/Src/Bootloader.c:295:13:Bootloader_Get_Help	16	static
../Core/Src/Bootloader.c:358:13:Bootloader_Get_chip_Identification_Number	24	static
../Core/Src/Bootloader.c:406:16:CBL_STM32F103_GET_RDP_Level	40	static
../Core/Src/Bootloader.c:417:16:CBL_STM32F103_GET_WDP_Level	40	static
../Core/Src/Bootloader.c:433:13:Bootloader_Read_Protection_Level	24	static
../Core/Src/Bootloader.c:493:16:Host_Jump_Address_Verfication	24	static
../Core/Src/Bootloader.c:518:13:Bootloader_Jump_To_Address	32	static
../Core/Src/Bootloader.c:610:13:Bootloader_Jump_To_User_App1	24	static,ignoring_inline_asm
../Core/Src/Bootloader.c:640:13:Bootloader_Jump_To_User_App2	24	static,ignoring_inline_asm
../Core/Src/Bootloader.c:665:16:Perform_Flash_Erase	40	static
../Core/Src/Bootloader.c:744:13:Bootloader_Erase_Flash	24	static
../Core/Src/Bootloader.c:837:16:Flash_Memory_Write_Payload	48	static
../Core/Src/Bootloader.c:915:13:Bootloader_Memory_Write	24	static
../Core/Src/Bootloader.c:1023:13:Bootloader_Enable_R_Protection	24	static
../Core/Src/Bootloader.c:1081:13:Bootloader_Enable_W_Protection	24	static
../Core/Src/Bootloader.c:1149:16:Bootloader_SetApplication_Flag	24	static
../Core/Src/Bootloader.c:1178:6:BL_PrintMassage	112	static
