../Core/Src/Bootloader.c:55:11:BL_Fetch_Commend	16	static
../Core/Src/Bootloader.c:166:13:Bootloader_Send_Data_To_Host	16	static
../Core/Src/Bootloader.c:176:13:Bootloader_Get_Version	24	static
../Core/Src/Bootloader.c:229:13:Bootloader_Get_Help	16	static
../Core/Src/Bootloader.c:292:13:Bootloader_Get_chip_Identification_Number	24	static
../Core/Src/Bootloader.c:340:16:CBL_STM32F103_GET_RDP_Level	40	static
../Core/Src/Bootloader.c:355:13:Bootloader_Read_Protection_Level	24	static
../Core/Src/Bootloader.c:402:16:Host_Jump_Address_Verfication	24	static
../Core/Src/Bootloader.c:427:13:Bootloader_Jump_To_Address	32	static
../Core/Src/Bootloader.c:513:13:Bootloader_Jump_To_User_App	24	static,ignoring_inline_asm
../Core/Src/Bootloader.c:538:16:Perform_Flash_Erase	40	static
../Core/Src/Bootloader.c:617:13:Bootloader_Erase_Flash	24	static
../Core/Src/Bootloader.c:672:16:Flash_Memory_Write_Payload	48	static
../Core/Src/Bootloader.c:750:13:Bootloader_Memory_Write	24	static
../Core/Src/Bootloader.c:830:6:BL_PrintMassage	112	static
